
> 1one-claudecode@1.3.0 dist:win
> node scripts/build-with-builder.js auto --win

🔨 Building for architecture: x64
📋 Builder arguments: --win
🔖 Auto version bump: 1.3.0 → 1.4.0
📦 Building x64...
[36mvite v6.4.1 [32mbuilding SSR bundle for production...[36m[39m
transforming...
[32m✓[39m 663 modules transformed.
rendering chunks...
node.exe : [33m[plugin vite:reporter] 
At line:1 char:1
+ & "C:\Program Files\nodejs/node.exe" "C:\Program Files\nodejs/node_mo ...
+ ~~~~~~~~~~~~~~~~~~~~~~~~~~~~~~~~~~~~~~~~~~~~~~~~~~~~~~~~~~~~~~~~~~~~~
    + CategoryInfo          : NotSpecified: ([33m[plugin vite:reporter] :Stri 
   ng) [], RemoteException
    + FullyQualifiedErrorId : NativeCommandError
 
(!) D:/1one-command/src/process/utils/configureChromium.ts is dynamically impor
ted by D:/1one-command/src/index.ts but also statically imported by D:/1one-com
mand/src/index.ts, D:/1one-command/src/process/bridge/applicationBridge.ts, D:/
1one-command/src/process/index.ts, dynamic import will not move module into ano
ther chunk.
[39m
[33m[plugin vite:reporter] 
(!) D:/1one-command/src/process/services/cron/cronSkillFile.ts is dynamically i
mported by D:/1one-command/src/process/services/cron/SkillSuggestWatcher.ts, D:
/1one-command/src/process/services/cron/WorkerTaskManagerJobExecutor.ts but als
o statically imported by D:/1one-command/src/process/bridge/cronBridge.ts, D:/1
one-command/src/process/services/cron/CronService.ts, D:/1one-command/src/proce
ss/services/cron/SkillSuggestWatcher.ts, D:/1one-command/src/process/services/c
ron/WorkerTaskManagerJobExecutor.ts, dynamic import will not move module into a
nother chunk.
[39m
[33m[plugin vite:reporter] 
(!) D:/1one-command/src/process/task/AcpSkillManager.ts is dynamically imported
 by D:/1one-command/src/process/bridge/fsBridge.ts, D:/1one-command/src/process
/bridge/fsBridge.ts but also statically imported by D:/1one-command/src/process
/task/GeminiAgentManager.ts, D:/1one-command/src/process/task/agentUtils.ts, dy
namic import will not move module into another chunk.
[39m
[33m[plugin vite:reporter] 
(!) D:/1one-command/src/process/services/cron/cronServiceSingleton.ts is dynami
cally imported by D:/1one-command/src/index.ts but also statically imported by 
D:/1one-command/src/process/bridge/cronBridge.ts, D:/1one-command/src/process/s
ervices/ConversationServiceImpl.ts, D:/1one-command/src/process/task/MessageMid
dleware.ts, D:/1one-command/src/process/utils/initBridge.ts, dynamic import wil
l not move module into another chunk.
[39m
[33m[plugin vite:reporter] 
(!) D:/1one-command/src/process/services/conversationServiceSingleton.ts is dyn
amically imported by D:/1one-command/src/process/services/cron/WorkerTaskManage
rJobExecutor.ts but also statically imported by D:/1one-command/src/process/cha
nnels/actions/SystemActions.ts, D:/1one-command/src/process/channels/gateway/Ac
tionExecutor.ts, dynamic import will not move module into another chunk.
[39m
[33m[plugin vite:reporter] 
(!) D:/1one-command/src/process/channels/core/ChannelManager.ts is dynamically 
imported by D:/1one-command/src/process/bridge/conversationBridge.ts but also s
tatically imported by D:/1one-command/src/process/bridge/channelBridge.ts, D:/1
one-command/src/process/channels/actions/SystemActions.ts, D:/1one-command/src/
process/channels/index.ts, dynamic import will not move module into another chu
nk.
[39m
[33m[plugin vite:reporter] 
(!) D:/1one-command/src/process/services/autoUpdaterService.ts is dynamically i
mported by D:/1one-command/src/index.ts but also statically imported by D:/1one
-command/src/process/bridge/updateBridge.ts, dynamic import will not move modul
e into another chunk.
[39m
[33m[plugin vite:reporter] 
(!) D:/1one-command/src/process/bridge/updateBridge.ts is dynamically imported 
by D:/1one-command/src/index.ts but also statically imported by D:/1one-command
/src/process/bridge/index.ts, dynamic import will not move module into another 
chunk.
[39m
[33m[plugin vite:reporter] 
(!) D:/1one-command/src/process/webserver/index.ts is dynamically imported by D
:/1one-command/src/process/bridge/services/WebuiService.ts but also statically 
imported by D:/1one-command/src/index.ts, D:/1one-command/src/process/bridge/we
buiBridge.ts, D:/1one-command/src/process/utils/webuiConfig.ts, dynamic import 
will not move module into another chunk.
[39m
[2mout/main/[22m[36mopenclaw-gateway.js                           [39m[1m[2m    0.10 kB[22m[1m[22m
[2mout/main/[22m[36mnanobot.js                                    [39m[1m[2m    0.18 kB[22m[1m[22m
[2mout/main/[22m[36mchunks/index-DkrFsUL5.js                      [39m[1m[2m    0.51 kB[22m[1m[22m
[2mout/main/[22m[36mchunks/utils-B6zhWY94.js                      [39m[1m[2m    0.72 kB[22m[1m[22m
[2mout/main/[22m[36mchunks/BetterSqlite3Driver-BI766XRT.js        [39m[1m[2m    0.83 kB[22m[1m[22m
[2mout/main/[22m[36macp.js                                        [39m[1m[2m    0.85 kB[22m[1m[22m
[2mout/main/[22m[36mchunks/constants-E9EiG7Xk.js                  [39m[1m[2m    1.04 kB[22m[1m[22m
[2mout/main/[22m[36mchunks/BunSqliteDriver-CxFBx-d0.js            [39m[1m[2m    1.09 kB[22m[1m[22m
[2mout/main/[22m[36mchunks/litellmGateway-DLhK6FBG.js             [39m[1m[2m    1.65 kB[22m[1m[22m
[2mout/main/[22m[36mlifecycleRunner.js                            [39m[1m[2m    1.96 kB[22m[1m[22m
[2mout/main/[22m[36mchunks/urlValidation-CrGYgcDj.js              [39m[1m[2m    2.01 kB[22m[1m[22m
[2mout/main/[22m[36mchunks/testCustomAgentConnection-ByXSsT2v.js  [39m[1m[2m    2.47 kB[22m[1m[22m
[2mout/main/[22m[36mgemini.js                                     [39m[1m[2m    2.77 kB[22m[1m[22m
[2mout/main/[22m[36mchunks/index-bwOC0Kn6.js                      [39m[1m[2m    4.48 kB[22m[1m[22m
[2mout/main/[22m[36mchunks/resetPasswordCLI-22IrZbXs.js           [39m[1m[2m    5.47 kB[22m[1m[22m
[2mout/main/[22m[36mchunks/NavigationInterceptor-DgcEYQlE.js      [39m[1m[2m    6.69 kB[22m[1m[22m
[2mout/main/[22m[36mchunks/protocolDetector-BAgTZuOh.js           [39m[1m[2m    7.18 kB[22m[1m[22m
[2mout/main/[22m[36mchunks/pipe-BGGwqdgS.js                       [39m[1m[2m    8.31 kB[22m[1m[22m
[2mout/main/[22m[36mbuiltin-mcp-image-gen.js                      [39m[1m[2m   20.37 kB[22m[1m[22m
[2mout/main/[22m[36mchunks/shellEnv-CVr5qIBd.js                   [39m[1m[2m   20.69 kB[22m[1m[22m
[2mout/main/[22m[36maionrs.js                                     [39m[1m[2m   22.61 kB[22m[1m[22m
[2mout/main/[22m[36mchunks/ClientFactory-CSepFBpS.js              [39m[1m[2m   30.70 kB[22m[1m[22m
[2mout/main/[22m[36mchunks/index-DE0Fveir.js                      [39m[1m[2m   39.64 kB[22m[1m[22m
[2mout/main/[22m[36mchunks/index-oUpwDWiw.js                      [39m[1m[2m  129.89 kB[22m[1m[22m
[2mout/main/[22m[36mchunks/index-wbC31YAA.js                      [39m[1m[2m  337.77 kB[22m[1m[22m
[2mout/main/[22m[36mindex.js                                      [39m[1m[33m2,615.94 kB[39m[22m
[36m[vite-plugin-static-copy][39m [32mCopied 48 items.[39m
[32m✓ built in 5.61s[39m
[36mvite v6.4.1 [32mbuilding SSR bundle for production...[36m[39m
transforming...
[32m✓[39m 2 modules transformed.
rendering chunks...
[2mout/preload/[22m[36mindex.js  [39m[1m[2m2.81 kB[22m[1m[22m
[32m✓ built in 25ms[39m
[36mvite v6.4.1 [32mbuilding for production...[36m[39m
transforming...
[33mnode_modules/react-router/dist/development/index.mjs (11:0): Module level 
directives cause errors when bundled, "use client" in "node_modules/react-route
r/dist/development/index.mjs" was ignored.[39m
[33mnode_modules/react-router/dist/development/dom-export.mjs (1:0): Module le
vel directives cause errors when bundled, "use client" in "node_modules/react-r
outer/dist/development/dom-export.mjs" was ignored.[39m
[33mnode_modules/swr/dist/_internal/config-context-12s-CCVTDPOP.mjs (1:0): Mod
ule level directives cause errors when bundled, "use client" in "node_modules/s
wr/dist/_internal/config-context-12s-CCVTDPOP.mjs" was ignored.[39m
[33mnode_modules/streamdown/dist/index.js (1:0): Module level directives cause
 errors when bundled, "use client" in "node_modules/streamdown/dist/index.js" w
as ignored.[39m
[33mnode_modules/streamdown/dist/mermaid-VLURNSYL.js (1:0): Module level direc
tives cause errors when bundled, "use client" in "node_modules/streamdown/dist/
mermaid-VLURNSYL.js" was ignored.[39m
[33mnode_modules/streamdown/dist/code-block-IT6T5CEO.js (1:0): Module level di
rectives cause errors when bundled, "use client" in "node_modules/streamdown/di
st/code-block-IT6T5CEO.js" was ignored.[39m
[32m✓[39m 10458 modules transformed.
rendering chunks...
[33m[plugin vite:reporter] 
(!) D:/1one-command/src/common/index.ts is dynamically imported by D:/1one-comm
and/src/renderer/components/layout/Layout.tsx, D:/1one-command/src/renderer/uti
ls/platform.ts but also statically imported by D:/1one-command/src/common/utils
/presetAssistantResources.ts, D:/1one-command/src/renderer/components/agent/Acp
ConfigSelector.tsx, D:/1one-command/src/renderer/components/agent/AcpModelSelec
tor.tsx, D:/1one-command/src/renderer/components/agent/AgentModeSelector.tsx, D
:/1one-command/src/renderer/components/agent/AgentSetupCard.tsx, D:/1one-comman
d/src/renderer/components/chat/BtwOverlay/useBtwCommand.ts, D:/1one-command/src
/renderer/components/chat/sendbox.tsx, D:/1one-command/src/renderer/components/
layout/Layout.tsx, D:/1one-command/src/renderer/components/layout/Sider/CronJob
SiderItem.tsx, D:/1one-command/src/renderer/components/layout/Sider/CronJobSide
rSection.tsx, D:/1one-command/src/renderer/components/layout/Sider/index.tsx, D
:/1one-command/src/renderer/components/layout/Titlebar/index.tsx, D:/1one-comma
nd/src/renderer/components/layout/WindowControls.tsx, D:/1one-command/src/rende
rer/components/media/FilePreview.tsx, D:/1one-command/src/renderer/components/m
edia/LocalImageView.tsx, D:/1one-command/src/renderer/components/settings/Setti
ngsModal/contents/GeminiModalContent.tsx, D:/1one-command/src/renderer/componen
ts/settings/SettingsModal/contents/ModelModalContent.tsx, D:/1one-command/src/r
enderer/components/settings/SettingsModal/contents/SystemModalContent/DevSettin
gs.tsx, D:/1one-command/src/renderer/components/settings/SettingsModal/contents
/SystemModalContent/DirInputItem.tsx, D:/1one-command/src/renderer/components/s
ettings/SettingsModal/contents/SystemModalContent/index.tsx, D:/1one-command/sr
c/renderer/components/settings/UpdateModal.tsx, D:/1one-command/src/renderer/ho
oks/agent/useAgentReadinessCheck.ts, D:/1one-command/src/renderer/hooks/agent/u
seConfigModelListWithImage.ts, D:/1one-command/src/renderer/hooks/agent/useGemi
niGoogleAuthModels.ts, D:/1one-command/src/renderer/hooks/agent/useHubAgents.ts
, D:/1one-command/src/renderer/hooks/agent/useModeModeList.ts, D:/1one-command/
src/renderer/hooks/agent/useModelProviderList.ts, D:/1one-command/src/renderer/
hooks/agent/useMultiAgentDetection.tsx, D:/1one-command/src/renderer/hooks/agen
t/usePresetAssistantInfo.ts, D:/1one-command/src/renderer/hooks/assistant/useAs
sistantBackends.ts, D:/1one-command/src/renderer/hooks/assistant/useAssistantEd
itor.ts, D:/1one-command/src/renderer/hooks/assistant/useAssistantList.ts, D:/1
one-command/src/renderer/hooks/assistant/useAssistantSkills.ts, D:/1one-command
/src/renderer/hooks/chat/useAutoTitle.ts, D:/1one-command/src/renderer/hooks/ch
at/useSlashCommands.ts, D:/1one-command/src/renderer/hooks/file/useAutoPreviewO
fficeFiles.ts, D:/1one-command/src/renderer/hooks/file/useConversationExport.ts
x, D:/1one-command/src/renderer/hooks/file/useOpenFileSelector.ts, D:/1one-comm
and/src/renderer/hooks/file/usePreviewLauncher.ts, D:/1one-command/src/renderer
/hooks/mcp/useMcpServers.ts, D:/1one-command/src/renderer/hooks/system/useComma
ndQueueEnabled.ts, D:/1one-command/src/renderer/hooks/system/useDeepLink.ts, D:
/1one-command/src/renderer/hooks/system/useNotificationClick.ts, D:/1one-comman
d/src/renderer/hooks/system/useProtocolDetection.ts, D:/1one-command/src/render
er/hooks/ui/useFontScale.ts, D:/1one-command/src/renderer/pages/conversation/Gr
oupedHistory/ConversationSearchPopover.tsx, D:/1one-command/src/renderer/pages/
conversation/GroupedHistory/hooks/useConversationActions.ts, D:/1one-command/sr
c/renderer/pages/conversation/GroupedHistory/hooks/useConversationListSync.ts, 
D:/1one-command/src/renderer/pages/conversation/GroupedHistory/hooks/useDragAnd
Drop.ts, D:/1one-command/src/renderer/pages/conversation/GroupedHistory/hooks/u
seExport.ts, D:/1one-command/src/renderer/pages/conversation/Messages/component
s/MessageToolGroup.tsx, D:/1one-command/src/renderer/pages/conversation/Message
s/components/SkillSuggestCard.tsx, D:/1one-command/src/renderer/pages/conversat
ion/Messages/hooks.ts, D:/1one-command/src/renderer/pages/conversation/Preview/
components/PreviewPanel/PreviewPanel.tsx, D:/1one-command/src/renderer/pages/co
nversation/Preview/components/renderers/HTMLRenderer.tsx, D:/1one-command/src/r
enderer/pages/conversation/Preview/components/viewers/ImageViewer.tsx, D:/1one-
command/src/renderer/pages/conversation/Preview/components/viewers/MarkdownView
er.tsx, D:/1one-command/src/renderer/pages/conversation/Preview/components/view
ers/OfficeWatchViewer.tsx, D:/1one-command/src/renderer/pages/conversation/Prev
iew/components/viewers/PDFViewer.tsx, D:/1one-command/src/renderer/pages/conver
sation/Preview/context/PreviewContext.tsx, D:/1one-command/src/renderer/pages/c
onversation/Preview/hooks/usePreviewHistory.ts, D:/1one-command/src/renderer/pa
ges/conversation/Workspace/components/FileChangeList.tsx, D:/1one-command/src/r
enderer/pages/conversation/Workspace/hooks/useFileChanges.ts, D:/1one-command/s
rc/renderer/pages/conversation/Workspace/hooks/useWorkspaceDragImport.ts, D:/1o
ne-command/src/renderer/pages/conversation/Workspace/hooks/useWorkspaceEvents.t
s, D:/1one-command/src/renderer/pages/conversation/Workspace/hooks/useWorkspace
FileOps.ts, D:/1one-command/src/renderer/pages/conversation/Workspace/hooks/use
WorkspaceMigration.ts, D:/1one-command/src/renderer/pages/conversation/Workspac
e/hooks/useWorkspacePaste.ts, D:/1one-command/src/renderer/pages/conversation/W
orkspace/hooks/useWorkspaceTree.ts, D:/1one-command/src/renderer/pages/conversa
tion/Workspace/index.tsx, D:/1one-command/src/renderer/pages/conversation/compo
nents/ChatConversation.tsx, D:/1one-command/src/renderer/pages/conversation/com
ponents/ChatLayout/WorkspaceOpenButton.tsx, D:/1one-command/src/renderer/pages/
conversation/components/ConversationChatConfirm.tsx, D:/1one-command/src/render
er/pages/conversation/components/ConversationTabs.tsx, D:/1one-command/src/rend
erer/pages/conversation/components/ConversationTitleMinimap/useMinimapPanel.ts,
 D:/1one-command/src/renderer/pages/conversation/hooks/useConversationAgents.ts
, D:/1one-command/src/renderer/pages/conversation/hooks/useTitleRename.ts, D:/1
one-command/src/renderer/pages/conversation/index.tsx, D:/1one-command/src/rend
erer/pages/conversation/platforms/acp/AcpSendBox.tsx, D:/1one-command/src/rende
rer/pages/conversation/platforms/acp/useAcpInitialMessage.ts, D:/1one-command/s
rc/renderer/pages/conversation/platforms/acp/useAcpMessage.ts, D:/1one-command/
src/renderer/pages/conversation/platforms/aionrs/AionrsModelSelector.tsx, D:/1o
ne-command/src/renderer/pages/conversation/platforms/aionrs/AionrsSendBox.tsx, 
D:/1one-command/src/renderer/pages/conversation/platforms/aionrs/useAionrsMessa
ge.ts, D:/1one-command/src/renderer/pages/conversation/platforms/gemini/GeminiM
odelSelector.tsx, D:/1one-command/src/renderer/pages/conversation/platforms/gem
ini/GeminiSendBox.tsx, D:/1one-command/src/renderer/pages/conversation/platform
s/gemini/GeminiSessionLogsLink.tsx, D:/1one-command/src/renderer/pages/conversa
tion/platforms/gemini/useGeminiInitialMessage.ts, D:/1one-command/src/renderer/
pages/conversation/platforms/gemini/useGeminiMessage.ts, D:/1one-command/src/re
nderer/pages/conversation/platforms/nanobot/NanobotSendBox.tsx, D:/1one-command
/src/renderer/pages/conversation/platforms/openclaw/OpenClawModelSelector.tsx, 
D:/1one-command/src/renderer/pages/conversation/platforms/openclaw/OpenClawSend
Box.tsx, D:/1one-command/src/renderer/pages/conversation/platforms/openclaw/Sta
rOfficeMonitorCard.tsx, D:/1one-command/src/renderer/pages/conversation/platfor
ms/remote/RemoteSendBox.tsx, D:/1one-command/src/renderer/pages/conversation/ut
ils/conversationCache.ts, D:/1one-command/src/renderer/pages/cron/ScheduledTask
sPage/CreateTaskDialog.tsx, D:/1one-command/src/renderer/pages/cron/ScheduledTa
sksPage/TaskDetailPage.tsx, D:/1one-command/src/renderer/pages/cron/components/
CronJobManager.tsx, D:/1one-command/src/renderer/pages/cron/useCronJobs.ts, D:/
1one-command/src/renderer/pages/guid/components/GuidActionRow.tsx, D:/1one-comm
and/src/renderer/pages/guid/components/GuidModelSelector.tsx, D:/1one-command/s
rc/renderer/pages/guid/components/SkillsMarketBanner.tsx, D:/1one-command/src/r
enderer/pages/guid/hooks/useCustomAgentsLoader.ts, D:/1one-command/src/renderer
/pages/guid/hooks/useGuidAgentSelection.ts, D:/1one-command/src/renderer/pages/
guid/hooks/useGuidModelSelection.ts, D:/1one-command/src/renderer/pages/guid/ho
oks/useGuidSend.ts, D:/1one-command/src/renderer/pages/guid/hooks/usePresetAssi
stantResolver.ts, D:/1one-command/src/renderer/pages/sessions/index.tsx, D:/1on
e-command/src/renderer/pages/settings/AgentSettings/AssistantManagement/AddCust
omPathModal.tsx, D:/1one-command/src/renderer/pages/settings/AgentSettings/Loca
lAgents.tsx, D:/1one-command/src/renderer/pages/settings/AgentSettings/RemoteAg
entManagement.tsx, D:/1one-command/src/renderer/pages/settings/AionrsSettings.t
sx, D:/1one-command/src/renderer/pages/settings/SkillsHubSettings.tsx, D:/1one-
command/src/renderer/pages/settings/components/AddPlatformModal.tsx, D:/1one-co
mmand/src/renderer/pages/settings/components/EditModeModal.tsx, D:/1one-command
/src/renderer/pages/team/TeamPage.tsx, D:/1one-command/src/renderer/pages/team/
components/TeamChatView.tsx, D:/1one-command/src/renderer/pages/team/components
/TeamConfirmOverlay.tsx, D:/1one-command/src/renderer/pages/team/components/Tea
mCreateModal.tsx, D:/1one-command/src/renderer/pages/team/hooks/TeamPermissionC
ontext.tsx, D:/1one-command/src/renderer/pages/team/hooks/useTeamList.ts, D:/1o
ne-command/src/renderer/pages/team/hooks/useTeamSession.ts, D:/1one-command/src
/renderer/pages/team/index.tsx, D:/1one-command/src/renderer/services/FileServi
ce.ts, D:/1one-command/src/renderer/services/PasteService.ts, D:/1one-command/s
rc/renderer/services/SpeechToTextService.ts, D:/1one-command/src/renderer/servi
ces/i18n/index.ts, D:/1one-command/src/renderer/utils/file/download.ts, D:/1one
-command/src/renderer/utils/file/workspaceFs.ts, dynamic import will not move m
odule into another chunk.
[39m
[33m[plugin vite:reporter] 
(!) D:/1one-command/src/renderer/pages/settings/components/SettingsSider.tsx is
 dynamically imported by D:/1one-command/src/renderer/components/layout/Sider/i
ndex.tsx but also statically imported by D:/1one-command/src/renderer/pages/set
tings/components/SettingsPageWrapper.tsx, dynamic import will not move module i
nto another chunk.
[39m
[33m[plugin vite:reporter] 
(!) D:/1one-command/src/renderer/pages/settings/ModeSettings.tsx is dynamically
 imported by D:/1one-command/src/renderer/components/layout/Sider/index.tsx, D:
/1one-command/src/renderer/pages/settings/components/SettingsPageWrapper.tsx bu
t also statically imported by D:/1one-command/src/renderer/components/layout/Ro
uter.tsx, dynamic import will not move module into another chunk.
[39m
[2m../../out/renderer/[22m[32mindex.html                                       [39m[1m[2m    3.42 kB[22m[1m[22m
[2m../../out/renderer/[22m[32massets/qoder-DGISKQrO.png                        [39m[1m[2m    4.11 kB[22m[1m[22m
[2m../../out/renderer/[22m[32massets/codebuddy-Dxr25PWV.svg                    [39m[1m[2m    4.19 kB[22m[1m[22m
[2m../../out/renderer/[22m[32massets/iflow-DXrIezOV.svg                        [39m[1m[2m    4.22 kB[22m[1m[22m
[2m../../out/renderer/[22m[32massets/KaTeX_Size3-Regular-CTq5MqoE.woff         [39m[1m[2m    4.42 kB[22m[1m[22m
[2m../../out/renderer/[22m[32massets/goose-CKZNkdPK.svg                        [39m[1m[2m    4.90 kB[22m[1m[22m
[2m../../out/renderer/[22m[32massets/KaTeX_Size4-Regular-Dl5lxZxV.woff2        [39m[1m[2m    4.93 kB[22m[1m[22m
[2m../../out/renderer/[22m[32massets/KaTeX_Size2-Regular-Dy4dx90m.woff2        [39m[1m[2m    5.21 kB[22m[1m[22m
[2m../../out/renderer/[22m[32massets/KaTeX_Size1-Regular-mCD8mA8B.woff2        [39m[1m[2m    5.47 kB[22m[1m[22m
[2m../../out/renderer/[22m[32massets/KaTeX_Size4-Regular-BF-4gkZK.woff         [39m[1m[2m    5.98 kB[22m[1m[22m
[2m../../out/renderer/[22m[32massets/KaTeX_Size2-Regular-oD1tc_U0.woff         [39m[1m[2m    6.19 kB[22m[1m[22m
[2m../../out/renderer/[22m[32massets/lark-9hxxyz3-.svg                         [39m[1m[2m    6.21 kB[22m[1m[22m
[2m../../out/renderer/[22m[32massets/droid-C5VKbYia.svg                        [39m[1m[2m    6.22 kB[22m[1m[22m
[2m../../out/renderer/[22m[32massets/KaTeX_Size1-Regular-C195tn64.woff         [39m[1m[2m    6.50 kB[22m[1m[22m
[2m../../out/renderer/[22m[32massets/siliconflow-DPDnnAQM.png                  [39m[1m[2m    6.70 kB[22m[1m[22m
[2m../../out/renderer/[22m[32massets/KaTeX_Caligraphic-Regular-Di6jR-x-.woff2  [39m[1m[2m    6.91 kB[22m[1m[22m
[2m../../out/renderer/[22m[32massets/KaTeX_Caligraphic-Bold-Dq_IR9rO.woff2     [39m[1m[2m    6.91 kB[22m[1m[22m
[2m../../out/renderer/[22m[32massets/KaTeX_Size3-Regular-DgpXs0kz.ttf          [39m[1m[2m    7.59 kB[22m[1m[22m
[2m../../out/renderer/[22m[32massets/KaTeX_Caligraphic-Regular-CTRA-rTL.woff   [39m[1m[2m    7.66 kB[22m[1m[22m
[2m../../out/renderer/[22m[32massets/KaTeX_Caligraphic-Bold-BEiXGLvX.woff      [39m[1m[2m    7.72 kB[22m[1m[22m
[2m../../out/renderer/[22m[32massets/cursor-CL2s3yOV.png                       [39m[1m[2m    9.50 kB[22m[1m[22m
[2m../../out/renderer/[22m[32massets/KaTeX_Script-Regular-D3wIWfF6.woff2       [39m[1m[2m    9.64 kB[22m[1m[22m
[2m../../out/renderer/[22m[32massets/KaTeX_SansSerif-Regular-DDBCnlJ7.woff2    [39m[1m[2m   10.34 kB[22m[1m[22m
[2m../../out/renderer/[22m[32massets/KaTeX_Size4-Regular-DWFBv043.ttf          [39m[1m[2m   10.36 kB[22m[1m[22m
[2m../../out/renderer/[22m[32massets/KaTeX_Script-Regular-D5yQViql.woff        [39m[1m[2m   10.59 kB[22m[1m[22m
[2m../../out/renderer/[22m[32massets/KaTeX_Fraktur-Regular-CTYiF6lA.woff2      [39m[1m[2m   11.32 kB[22m[1m[22m
[2m../../out/renderer/[22m[32massets/KaTeX_Fraktur-Bold-CL6g_b3V.woff2         [39m[1m[2m   11.35 kB[22m[1m[22m
[2m../../out/renderer/[22m[32massets/KaTeX_Size2-Regular-B7gKUWhC.ttf          [39m[1m[2m   11.51 kB[22m[1m[22m
[2m../../out/renderer/[22m[32massets/KaTeX_SansSerif-Italic-C3H0VqGB.woff2     [39m[1m[2m   12.03 kB[22m[1m[22m
[2m../../out/renderer/[22m[32massets/nanobot-8tWmdnAL.svg                      [39m[1m[2m   12.07 kB[22m[1m[22m
[2m../../out/renderer/[22m[32massets/KaTeX_SansSerif-Bold-D1sUS0GD.woff2       [39m[1m[2m   12.22 kB[22m[1m[22m
[2m../../out/renderer/[22m[32massets/KaTeX_Size1-Regular-Dbsnue_I.ttf          [39m[1m[2m   12.23 kB[22m[1m[22m
[2m../../out/renderer/[22m[32massets/KaTeX_SansSerif-Regular-CS6fqUqJ.woff     [39m[1m[2m   12.32 kB[22m[1m[22m
[2m../../out/renderer/[22m[32massets/KaTeX_Caligraphic-Regular-wX97UBjC.ttf    [39m[1m[2m   12.34 kB[22m[1m[22m
[2m../../out/renderer/[22m[32massets/KaTeX_Caligraphic-Bold-ATXxdsX0.ttf       [39m[1m[2m   12.37 kB[22m[1m[22m
[2m../../out/renderer/[22m[32massets/KaTeX_Fraktur-Regular-Dxdc4cR9.woff       [39m[1m[2m   13.21 kB[22m[1m[22m
[2m../../out/renderer/[22m[32massets/KaTeX_Fraktur-Bold-BsDP51OF.woff          [39m[1m[2m   13.30 kB[22m[1m[22m
[2m../../out/renderer/[22m[32massets/KaTeX_Typewriter-Regular-CO6r4hn1.woff2   [39m[1m[2m   13.57 kB[22m[1m[22m
[2m../../out/renderer/[22m[32massets/KaTeX_SansSerif-Italic-DN2j7dab.woff      [39m[1m[2m   14.11 kB[22m[1m[22m
[2m../../out/renderer/[22m[32massets/KaTeX_SansSerif-Bold-DbIhKOiC.woff        [39m[1m[2m   14.41 kB[22m[1m[22m
[2m../../out/renderer/[22m[32massets/KaTeX_Typewriter-Regular-C0xS9mPB.woff    [39m[1m[2m   16.03 kB[22m[1m[22m
[2m../../out/renderer/[22m[32massets/KaTeX_Math-BoldItalic-CZnvNsCZ.woff2      [39m[1m[2m   16.40 kB[22m[1m[22m
[2m../../out/renderer/[22m[32massets/KaTeX_Math-Italic-t53AETM-.woff2          [39m[1m[2m   16.44 kB[22m[1m[22m
[2m../../out/renderer/[22m[32massets/KaTeX_Script-Regular-C5JkGWo-.ttf         [39m[1m[2m   16.65 kB[22m[1m[22m
[2m../../out/renderer/[22m[32massets/KaTeX_Main-BoldItalic-DxDJ3AOS.woff2      [39m[1m[2m   16.78 kB[22m[1m[22m
[2m../../out/renderer/[22m[32massets/KaTeX_Main-Italic-NWA7e6Wa.woff2          [39m[1m[2m   16.99 kB[22m[1m[22m
[2m../../out/renderer/[22m[32massets/KaTeX_Math-BoldItalic-iY-2wyZ7.woff       [39m[1m[2m   18.67 kB[22m[1m[22m
[2m../../out/renderer/[22m[32massets/KaTeX_Math-Italic-DA0__PXp.woff           [39m[1m[2m   18.75 kB[22m[1m[22m
[2m../../out/renderer/[22m[32massets/KaTeX_Main-BoldItalic-SpSLRI95.woff       [39m[1m[2m   19.41 kB[22m[1m[22m
[2m../../out/renderer/[22m[32massets/KaTeX_SansSerif-Regular-BNo7hRIc.ttf      [39m[1m[2m   19.44 kB[22m[1m[22m
[2m../../out/renderer/[22m[32massets/KaTeX_Fraktur-Regular-CB_wures.ttf        [39m[1m[2m   19.57 kB[22m[1m[22m
[2m../../out/renderer/[22m[32massets/KaTeX_Fraktur-Bold-BdnERNNW.ttf           [39m[1m[2m   19.58 kB[22m[1m[22m
[2m../../out/renderer/[22m[32massets/KaTeX_Main-Italic-BMLOBm91.woff           [39m[1m[2m   19.68 kB[22m[1m[22m
[2m../../out/renderer/[22m[32massets/KaTeX_SansSerif-Italic-YYjJ1zSn.ttf       [39m[1m[2m   22.36 kB[22m[1m[22m
[2m../../out/renderer/[22m[32massets/KaTeX_SansSerif-Bold-CFMepnvq.ttf         [39m[1m[2m   24.50 kB[22m[1m[22m
[2m../../out/renderer/[22m[32massets/KaTeX_Main-Bold-Cx986IdX.woff2            [39m[1m[2m   25.32 kB[22m[1m[22m
[2m../../out/renderer/[22m[32massets/KaTeX_Main-Regular-B22Nviop.woff2         [39m[1m[2m   26.27 kB[22m[1m[22m
[2m../../out/renderer/[22m[32massets/KaTeX_Typewriter-Regular-D3Ib7_Hf.ttf     [39m[1m[2m   27.56 kB[22m[1m[22m
[2m../../out/renderer/[22m[32massets/KaTeX_AMS-Regular-BQhdFMY1.woff2          [39m[1m[2m   28.08 kB[22m[1m[22m
[2m../../out/renderer/[22m[32massets/KaTeX_Main-Bold-Jm3AIy58.woff             [39m[1m[2m   29.91 kB[22m[1m[22m
[2m../../out/renderer/[22m[32massets/KaTeX_Main-Regular-Dr94JaBh.woff          [39m[1m[2m   30.77 kB[22m[1m[22m
[2m../../out/renderer/[22m[32massets/KaTeX_Math-BoldItalic-B3XSjfu4.ttf        [39m[1m[2m   31.20 kB[22m[1m[22m
[2m../../out/renderer/[22m[32massets/KaTeX_Math-Italic-flOr_0UB.ttf            [39m[1m[2m   31.31 kB[22m[1m[22m
[2m../../out/renderer/[22m[32massets/KaTeX_Main-BoldItalic-DzxPMmG6.ttf        [39m[1m[2m   32.97 kB[22m[1m[22m
[2m../../out/renderer/[22m[32massets/KaTeX_AMS-Regular-DMm9YOAa.woff           [39m[1m[2m   33.52 kB[22m[1m[22m
[2m../../out/renderer/[22m[32massets/KaTeX_Main-Italic-3WenGoN9.ttf            [39m[1m[2m   33.58 kB[22m[1m[22m
[2m../../out/renderer/[22m[32massets/KaTeX_Main-Bold-waoOVXN0.ttf              [39m[1m[2m   51.34 kB[22m[1m[22m
[2m../../out/renderer/[22m[32massets/KaTeX_Main-Regular-ypZvNtVU.ttf           [39m[1m[2m   53.58 kB[22m[1m[22m
[2m../../out/renderer/[22m[32massets/KaTeX_AMS-Regular-DRggAlZN.ttf            [39m[1m[2m   63.63 kB[22m[1m[22m
[2m../../out/renderer/[22m[32massets/minimax-CEL2UYGe.png                      [39m[1m[2m   71.44 kB[22m[1m[22m
[2m../../out/renderer/[22m[32massets/app-t7y7NRKs.png                          [39m[1m[2m   82.70 kB[22m[1m[22m
[2m../../out/renderer/[22m[35massets/index-DesXZnbE.css                        [39m[1m[2m    0.09 kB[22m[1m[22m
[2m../../out/renderer/[22m[35massets/preview-CilN1T3m.css                      [39m[1m[2m    0.33 kB[22m[1m[22m
[2m../../out/renderer/[22m[35massets/ModelModalContent--7RDZSt1.css            [39m[1m[2m    0.70 kB[22m[1m[22m
[2m../../out/renderer/[22m[35massets/useAionrsModelSelection-DJzRwoHc.css      [39m[1m[2m    5.33 kB[22m[1m[22m
[2m../../out/renderer/[22m[35massets/index-C15CtYBI.css                        [39m[1m[2m    5.43 kB[22m[1m[22m
[2m../../out/renderer/[22m[35massets/useAutoTitle-CeBgPVP_.css                 [39m[1m[2m    6.32 kB[22m[1m[22m
[2m../../out/renderer/[22m[35massets/index-CFElaJV6.css                        [39m[1m[2m   12.36 kB[22m[1m[22m
[2m../../out/renderer/[22m[35massets/vendor-diff-BgE3edmZ.css                  [39m[1m[2m   17.08 kB[22m[1m[22m
[2m../../out/renderer/[22m[35massets/vendor-katex-DoM7Y3CM.css                 [39m[1m[2m   28.89 kB[22m[1m[22m
[2m../../out/renderer/[22m[35massets/index-AoUo0BXH.css                        [39m[1m[2m  114.46 kB[22m[1m[22m
[2m../../out/renderer/[22m[35massets/vendor-arco-Bfxep3p_.css                  [39m[1m[2m  569.49 kB[22m[1m[22m
[2m../../out/renderer/[22m[36massets/clone-B0uUS0h5.js                         [39m[1m[2m    0.10 kB[22m[1m[22m
[2m../../out/renderer/[22m[36massets/channel-Cwrb39xf.js                       [39m[1m[2m    0.11 kB[22m[1m[22m
[2m../../out/renderer/[22m[36massets/platformConstants-DtuYjf3H.js             [39m[1m[2m    0.14 kB[22m[1m[22m
[2m../../out/renderer/[22m[36massets/init-Gi6I4Gst.js                          [39m[1m[2m    0.15 kB[22m[1m[22m
[2m../../out/renderer/[22m[36massets/useCommandQueueEnabled-Dx7SWmQh.js        [39m[1m[2m    0.18 kB[22m[1m[22m
[2m../../out/renderer/[22m[36massets/chunk-QZHKN3VN-DKikj6wl.js                [39m[1m[2m    0.19 kB[22m[1m[22m
[2m../../out/renderer/[22m[36massets/chunk-4BX2VUAB-BLoEf9ah.js                [39m[1m[2m    0.22 kB[22m[1m[22m
[2m../../out/renderer/[22m[36massets/chunk-55IACEB6-5QCNqJlq.js                [39m[1m[2m    0.23 kB[22m[1m[22m
[2m../../out/renderer/[22m[36massets/chunk-FMBD7UC4-BlTn_ggV.js                [39m[1m[2m    0.36 kB[22m[1m[22m
[2m../../out/renderer/[22m[36massets/chunk-KX2RTZJC-Cg1Okh1C.js                [39m[1m[2m    0.50 kB[22m[1m[22m
[2m../../out/renderer/[22m[36massets/AionScrollArea-DKsZPsu9.js                [39m[1m[2m    0.53 kB[22m[1m[22m
[2m../../out/renderer/[22m[36massets/codeowners-Bp6g37R7.js                    [39m[1m[2m    0.55 kB[22m[1m[22m
[2m../../out/renderer/[22m[36massets/messageFiles-BqiSYuuP.js                  [39m[1m[2m    0.60 kB[22m[1m[22m
[2m../../out/renderer/[22m[36massets/ModalWrapper-DYbm-EMh.js                  [39m[1m[2m    0.60 kB[22m[1m[22m
[2m../../out/renderer/[22m[36massets/stateDiagram-v2-FVOUBMTO-U_amsbRr.js      [39m[1m[2m    0.63 kB[22m[1m[22m
[2m../../out/renderer/[22m[36massets/utils-DEJQugtw.js                         [39m[1m[2m    0.66 kB[22m[1m[22m
[2m../../out/renderer/[22m[36massets/classDiagram-VBA2DB6C-IHKmb-2f.js         [39m[1m[2m    0.71 kB[22m[1m[22m
[2m../../out/renderer/[22m[36massets/classDiagram-v2-RAHNMMFH-IHKmb-2f.js      [39m[1m[2m    0.71 kB[22m[1m[22m
[2m../../out/renderer/[22m[36massets/shellsession-BADoaaVG.js                  [39m[1m[2m    0.71 kB[22m[1m[22m
[2m../../out/renderer/[22m[36massets/tsv-B_m7g4N7.js                           [39m[1m[2m    0.74 kB[22m[1m[22m
[2m../../out/renderer/[22m[36massets/html-derivative-BFtXZ54Q.js               [39m[1m[2m    0.90 kB[22m[1m[22m
[2m../../out/renderer/[22m[36massets/infoDiagram-LFFYTUFH-C8cW2ccU.js          [39m[1m[2m    0.92 kB[22m[1m[22m
[2m../../out/renderer/[22m[36massets/git-rebase-r7XF79zn.js                    [39m[1m[2m    0.98 kB[22m[1m[22m
[2m../../out/renderer/[22m[36massets/qmldir-C8lEn-DE.js                        [39m[1m[2m    1.00 kB[22m[1m[22m
[2m../../out/renderer/[22m[36massets/AionSelect-C3BYJrWR.js                    [39m[1m[2m    1.08 kB[22m[1m[22m
[2m../../out/renderer/[22m[36massets/csv-fuZLfV_i.js                           [39m[1m[2m    1.14 kB[22m[1m[22m
[2m../../out/renderer/[22m[36massets/ordinal-Cboi1Yqb.js                       [39m[1m[2m    1.19 kB[22m[1m[22m
[2m../../out/renderer/[22m[36massets/cronUtils-BJXL71ti.js                     [39m[1m[2m    1.20 kB[22m[1m[22m
[2m../../out/renderer/[22m[36massets/git-commit-F4YmCXRG.js                    [39m[1m[2m    1.23 kB[22m[1m[22m
[2m../../out/renderer/[22m[36massets/xsl-CtQFsRM5.js                           [39m[1m[2m    1.39 kB[22m[1m[22m
[2m../../out/renderer/[22m[36massets/dotenv-Da5cRb03.js                        [39m[1m[2m    1.42 kB[22m[1m[22m
[2m../../out/renderer/[22m[36massets/sparql-rVzFXLq3.js                        [39m[1m[2m    1.48 kB[22m[1m[22m
[2m../../out/renderer/[22m[36massets/ini-BEwlwnbL.js                           [39m[1m[2m    1.53 kB[22m[1m[22m
[2m../../out/renderer/[22m[36massets/fortran-fixed-form-CkoXwp7k.js            [39m[1m[2m    1.67 kB[22m[1m[22m
[2m../../out/renderer/[22m[36massets/AionrsSettings-Bpzql7Sd.js                [39m[1m[2m    1.71 kB[22m[1m[22m
[2m../../out/renderer/[22m[36massets/docker-BcOcwvcX.js                        [39m[1m[2m    1.74 kB[22m[1m[22m
[2m../../out/renderer/[22m[36massets/hxml-Bvhsp5Yf.js                          [39m[1m[2m    1.74 kB[22m[1m[22m
[2m../../out/renderer/[22m[36massets/useModeModeList-D60vM584.js               [39m[1m[2m    1.80 kB[22m[1m[22m
[2m../../out/renderer/[22m[36massets/desktop-BmXAJ9_W.js                       [39m[1m[2m    1.83 kB[22m[1m[22m
[2m../../out/renderer/[22m[36massets/chunk-JSJVCQXG-BnsTtdIU.js                [39m[1m[2m    1.88 kB[22m[1m[22m
[2m../../out/renderer/[22m[36massets/assistantUtils-BlpcrXpW.js                [39m[1m[2m    2.11 kB[22m[1m[22m
[2m../../out/renderer/[22m[36massets/wenyan-BV7otONQ.js                        [39m[1m[2m    2.16 kB[22m[1m[22m
[2m../../out/renderer/[22m[36massets/jssm-C2t-YnRu.js                          [39m[1m[2m    2.24 kB[22m[1m[22m
[2m../../out/renderer/[22m[36massets/reg-C-SQnVFl.js                           [39m[1m[2m    2.35 kB[22m[1m[22m
[2m../../out/renderer/[22m[36massets/edge-BkV0erSs.js                          [39m[1m[2m    2.36 kB[22m[1m[22m
[2m../../out/renderer/[22m[36massets/WorkspaceSettings-7za6sb-A.js             [39m[1m[2m    2.54 kB[22m[1m[22m
[2m../../out/renderer/[22m[36massets/diff-D97Zzqfu.js                          [39m[1m[2m    2.57 kB[22m[1m[22m
[2m../../out/renderer/[22m[36massets/gleam-BspZqrRM.js                         [39m[1m[2m    2.58 kB[22m[1m[22m
[2m../../out/renderer/[22m[36massets/_basePickBy-B1Fk7711.js                   [39m[1m[2m    2.58 kB[22m[1m[22m
[2m../../out/renderer/[22m[36massets/erb-B12qg9BL.js                           [39m[1m[2m    2.61 kB[22m[1m[22m
[2m../../out/renderer/[22m[36massets/hy-DFXneXwc.js                            [39m[1m[2m    2.65 kB[22m[1m[22m
[2m../../out/renderer/[22m[36massets/json-Cp-IABpG.js                          [39m[1m[2m    2.82 kB[22m[1m[22m
[2m../../out/renderer/[22m[36massets/openscad-C4EeE6gA.js                      [39m[1m[2m    2.82 kB[22m[1m[22m
[2m../../out/renderer/[22m[36massets/AcpConfigSelector-ChjsZzl1.js             [39m[1m[2m    2.85 kB[22m[1m[22m
[2m../../out/renderer/[22m[36massets/log-2UxHyX5q.js                           [39m[1m[2m    2.85 kB[22m[1m[22m
[2m../../out/renderer/[22m[36massets/cairo-KRGpt6FW.js                         [39m[1m[2m    2.94 kB[22m[1m[22m
[2m../../out/renderer/[22m[36massets/berry-uYugtg8r.js                         [39m[1m[2m    3.01 kB[22m[1m[22m
[2m../../out/renderer/[22m[36massets/jsonl-DcaNXYhu.js                         [39m[1m[2m    3.01 kB[22m[1m[22m
[2m../../out/renderer/[22m[36massets/ExtensionSettingsPage-BYh4NWey.js         [39m[1m[2m    3.01 kB[22m[1m[22m
[2m../../out/renderer/[22m[36massets/ContextUsageIndicator-DRnA0yrK.js         [39m[1m[2m    3.04 kB[22m[1m[22m
[2m../../out/renderer/[22m[36massets/jsonc-Des-eS-w.js                         [39m[1m[2m    3.11 kB[22m[1m[22m
[2m../../out/renderer/[22m[36massets/logo-BtOb2qkB.js                          [39m[1m[2m    3.13 kB[22m[1m[22m
[2m../../out/renderer/[22m[36massets/po-BTJTHyun.js                            [39m[1m[2m    3.24 kB[22m[1m[22m
[2m../../out/renderer/[22m[36massets/json5-C9tS-k6U.js                         [39m[1m[2m    3.25 kB[22m[1m[22m
[2m../../out/renderer/[22m[36massets/mipsasm-CKIfxQSi.js                       [39m[1m[2m    3.26 kB[22m[1m[22m
[2m../../out/renderer/[22m[36massets/tasl-QIJgUcNo.js                          [39m[1m[2m    3.29 kB[22m[1m[22m
[2m../../out/renderer/[22m[36massets/genie-D0YGMca9.js                         [39m[1m[2m    3.36 kB[22m[1m[22m
[2m../../out/renderer/[22m[36massets/rel-C3B-1QV4.js                           [39m[1m[2m    3.37 kB[22m[1m[22m
[2m../../out/renderer/[22m[36massets/vala-CsfeWuGM.js                          [39m[1m[2m    3.37 kB[22m[1m[22m
[2m../../out/renderer/[22m[36massets/arc-ElHuOmmy.js                           [39m[1m[2m    3.42 kB[22m[1m[22m
[2m../../out/renderer/[22m[36massets/splunk-BtCnVYZw.js                        [39m[1m[2m    3.44 kB[22m[1m[22m
[2m../../out/renderer/[22m[36massets/fluent-C4IJs8-o.js                        [39m[1m[2m    3.61 kB[22m[1m[22m
[2m../../out/renderer/[22m[36massets/ssh-config-_ykCGR6B.js                    [39m[1m[2m    3.62 kB[22m[1m[22m
[2m../../out/renderer/[22m[36massets/jsonnet-DFQXde-d.js                       [39m[1m[2m    3.62 kB[22m[1m[22m
[2m../../out/renderer/[22m[36massets/kdl-DV7GczEv.js                           [39m[1m[2m    3.63 kB[22m[1m[22m
[2m../../out/renderer/[22m[36massets/glsl-DplSGwfg.js                          [39m[1m[2m    3.63 kB[22m[1m[22m
[2m../../out/renderer/[22m[36massets/hurl-irOxFIW8.js                          [39m[1m[2m    3.65 kB[22m[1m[22m
[2m../../out/renderer/[22m[36massets/narrat-DRg8JJMk.js                        [39m[1m[2m    3.67 kB[22m[1m[22m
[2m../../out/renderer/[22m[36massets/turtle-BsS91CYL.js                        [39m[1m[2m    3.70 kB[22m[1m[22m
[2m../../out/renderer/[22m[36massets/index-quU3yXlF.js                         [39m[1m[2m    3.78 kB[22m[1m[22m
[2m../../out/renderer/[22m[36massets/acpTypes-CDyNAER8.js                      [39m[1m[2m    3.84 kB[22m[1m[22m
[2m../../out/renderer/[22m[36massets/zenscript-DVFEvuxE.js                     [39m[1m[2m    3.91 kB[22m[1m[22m
[2m../../out/renderer/[22m[36massets/ron-D8l8udqQ.js                           [39m[1m[2m    3.91 kB[22m[1m[22m
[2m../../out/renderer/[22m[36massets/gn-n2N0HUVH.js                            [39m[1m[2m    4.00 kB[22m[1m[22m
[2m../../out/renderer/[22m[36massets/modelCapabilities-CpqvLv-k.js             [39m[1m[2m    4.06 kB[22m[1m[22m
[2m../../out/renderer/[22m[36massets/pascal-D93ZcfNL.js                        [39m[1m[2m    4.15 kB[22m[1m[22m
[2m../../out/renderer/[22m[36massets/tcl-dwOrl1Do.js                           [39m[1m[2m    4.43 kB[22m[1m[22m
[2m../../out/renderer/[22m[36massets/nextflow-Zz6hmt5N.js                      [39m[1m[2m    4.51 kB[22m[1m[22m
[2m../../out/renderer/[22m[36massets/rosmsg-BJDFO7_C.js                        [39m[1m[2m    4.52 kB[22m[1m[22m
[2m../../out/renderer/[22m[36massets/diagram-P4PSJMXO-DPmKwuIm.js              [39m[1m[2m    4.55 kB[22m[1m[22m
[2m../../out/renderer/[22m[36massets/http-jrhK8wxY.js                          [39m[1m[2m    4.55 kB[22m[1m[22m
[2m../../out/renderer/[22m[36massets/polar-C0HS_06l.js                         [39m[1m[2m    4.67 kB[22m[1m[22m
[2m../../out/renderer/[22m[36massets/defaultLocale-DX6XiGOO.js                 [39m[1m[2m    4.69 kB[22m[1m[22m
[2m../../out/renderer/[22m[36massets/sdbl-DVxCFoDh.js                          [39m[1m[2m    4.70 kB[22m[1m[22m
[2m../../out/renderer/[22m[36massets/TestShowcase-CQgvBZ9p.js                  [39m[1m[2m    4.75 kB[22m[1m[22m
[2m../../out/renderer/[22m[36massets/index-DnFzHu2_.js                         [39m[1m[2m    4.76 kB[22m[1m[22m
[2m../../out/renderer/[22m[36massets/fennel-BYunw83y.js                        [39m[1m[2m    4.77 kB[22m[1m[22m
[2m../../out/renderer/[22m[36massets/bibtex-CHM0blh-.js                        [39m[1m[2m    4.80 kB[22m[1m[22m
[2m../../out/renderer/[22m[36massets/index-BW55Nftp.js                         [39m[1m[2m    4.82 kB[22m[1m[22m
[2m../../out/renderer/[22m[36massets/GeminiSettings-B61IgBtB.js                [39m[1m[2m    4.82 kB[22m[1m[22m
[2m../../out/renderer/[22m[36massets/llvm-DjAJT7YJ.js                          [39m[1m[2m    5.05 kB[22m[1m[22m
[2m../../out/renderer/[22m[36massets/wgsl-Dx-B1_4e.js                          [39m[1m[2m    5.14 kB[22m[1m[22m
[2m../../out/renderer/[22m[36massets/EmojiPicker-DocXpMdO.js                   [39m[1m[2m    5.24 kB[22m[1m[22m
[2m../../out/renderer/[22m[36massets/gdresource-BOOCDP_w.js                    [39m[1m[2m    5.29 kB[22m[1m[22m
[2m../../out/renderer/[22m[36massets/qml-3beO22l8.js                           [39m[1m[2m    5.34 kB[22m[1m[22m
[2m../../out/renderer/[22m[36massets/zig-VOosw3JB.js                           [39m[1m[2m    5.34 kB[22m[1m[22m
[2m../../out/renderer/[22m[36massets/dax-CEL-wOlO.js                           [39m[1m[2m    5.37 kB[22m[1m[22m
[2m../../out/renderer/[22m[36massets/bicep-Bmn6On1c.js                         [39m[1m[2m    5.38 kB[22m[1m[22m
[2m../../out/renderer/[22m[36massets/xml-sdJ4AIDG.js                           [39m[1m[2m    5.38 kB[22m[1m[22m
[2m../../out/renderer/[22m[36massets/awk-DMzUqQB5.js                           [39m[1m[2m    5.46 kB[22m[1m[22m
[2m../../out/renderer/[22m[36massets/pieDiagram-SKSYHLDU-M3-ETTRP.js           [39m[1m[2m    5.48 kB[22m[1m[22m
[2m../../out/renderer/[22m[36massets/coq-DkFqJrB1.js                           [39m[1m[2m    5.53 kB[22m[1m[22m
[2m../../out/renderer/[22m[36massets/index-DsssWkaw.js                         [39m[1m[2m    5.54 kB[22m[1m[22m
[2m../../out/renderer/[22m[36massets/index-C5kZXE2z.js                         [39m[1m[2m    5.64 kB[22m[1m[22m
[2m../../out/renderer/[22m[36massets/linear-B8JzFeAy.js                        [39m[1m[2m    5.66 kB[22m[1m[22m
[2m../../out/renderer/[22m[36massets/jinja-4LBKfQ-Z.js                         [39m[1m[2m    5.69 kB[22m[1m[22m
[2m../../out/renderer/[22m[36massets/lean-BZvkOJ9d.js                          [39m[1m[2m    5.78 kB[22m[1m[22m
[2m../../out/renderer/[22m[36massets/useGeminiModelSelection-rhjCWmAk.js       [39m[1m[2m    5.90 kB[22m[1m[22m
[2m../../out/renderer/[22m[36massets/moonbit-_H4v1dQx.js                       [39m[1m[2m    5.90 kB[22m[1m[22m
[2m../../out/renderer/[22m[36massets/powerquery-CEu0bR-o.js                    [39m[1m[2m    5.90 kB[22m[1m[22m
[2m../../out/renderer/[22m[36massets/graph-CgZ6LfP9.js                         [39m[1m[2m    5.92 kB[22m[1m[22m
[2m../../out/renderer/[22m[36massets/shaderlab-Dg9Lc6iA.js                     [39m[1m[2m    5.92 kB[22m[1m[22m
[2m../../out/renderer/[22m[36massets/verilog-BQ8w6xss.js                       [39m[1m[2m    5.93 kB[22m[1m[22m
[2m../../out/renderer/[22m[36massets/cypher-COkxafJQ.js                        [39m[1m[2m    5.96 kB[22m[1m[22m
[2m../../out/renderer/[22m[36massets/vb-D17OF-Vu.js                            [39m[1m[2m    6.09 kB[22m[1m[22m
[2m../../out/renderer/[22m[36massets/diagram-IFDJBPK2-DWEhmOG8.js              [39m[1m[2m    6.15 kB[22m[1m[22m
[2m../../out/renderer/[22m[36massets/red-bN70gL4F.js                           [39m[1m[2m    6.26 kB[22m[1m[22m
[2m../../out/renderer/[22m[36massets/min-dark-CafNBF8u.js                      [39m[1m[2m    6.29 kB[22m[1m[22m
[2m../../out/renderer/[22m[36massets/gdshader-DkwncUOv.js                      [39m[1m[2m    6.33 kB[22m[1m[22m
[2m../../out/renderer/[22m[36massets/prisma-Dd19v3D-.js                        [39m[1m[2m    6.33 kB[22m[1m[22m
[2m../../out/renderer/[22m[36massets/ara-BRHolxvo.js                           [39m[1m[2m    6.36 kB[22m[1m[22m
[2m../../out/renderer/[22m[36massets/RemoteChat-BuOZiJYT.js                    [39m[1m[2m    6.39 kB[22m[1m[22m
[2m../../out/renderer/[22m[36massets/clojure-P80f7IUj.js                       [39m[1m[2m    6.41 kB[22m[1m[22m
[2m../../out/renderer/[22m[36massets/postcss-CXtECtnM.js                       [39m[1m[2m    6.42 kB[22m[1m[22m
[2m../../out/renderer/[22m[36massets/toml-vGWfd6FD.js                          [39m[1m[2m    6.43 kB[22m[1m[22m
[2m../../out/renderer/[22m[36massets/solarized-light-L9t79GZl.js               [39m[1m[2m    6.48 kB[22m[1m[22m
[2m../../out/renderer/[22m[36massets/r-Dspwwk_N.js                             [39m[1m[2m    6.54 kB[22m[1m[22m
[2m../../out/renderer/[22m[36massets/proto-C7zT0LnQ.js                         [39m[1m[2m    6.55 kB[22m[1m[22m
[2m../../out/renderer/[22m[36massets/smalltalk-BERRCDM3.js                     [39m[1m[2m    6.59 kB[22m[1m[22m
[2m../../out/renderer/[22m[36massets/talonscript-CkByrt1z.js                   [39m[1m[2m    6.76 kB[22m[1m[22m
[2m../../out/renderer/[22m[36massets/solarized-dark-DXbdFlpD.js                [39m[1m[2m    6.85 kB[22m[1m[22m
[2m../../out/renderer/[22m[36massets/index-uHf3wHdO.js                         [39m[1m[2m    6.90 kB[22m[1m[22m
[2m../../out/renderer/[22m[36massets/riscv-BM1_JUlF.js                         [39m[1m[2m    6.91 kB[22m[1m[22m
[2m../../out/renderer/[22m[36massets/useDragUpload-yxXQOrMV.js                 [39m[1m[2m    6.95 kB[22m[1m[22m
[2m../../out/renderer/[22m[36massets/min-light-CTRr51gU.js                     [39m[1m[2m    6.97 kB[22m[1m[22m
[2m../../out/renderer/[22m[36massets/soy-Brmx7dQM.js                           [39m[1m[2m    6.98 kB[22m[1m[22m
[2m../../out/renderer/[22m[36massets/index-CGEi0kdl.js                         [39m[1m[2m    6.98 kB[22m[1m[22m
[2m../../out/renderer/[22m[36massets/scheme-C98Dy4si.js                        [39m[1m[2m    7.17 kB[22m[1m[22m
[2m../../out/renderer/[22m[36massets/hlsl-D3lLCCz7.js                          [39m[1m[2m    7.26 kB[22m[1m[22m
[2m../../out/renderer/[22m[36massets/NanobotChat-8jjijoI0.js                   [39m[1m[2m    7.41 kB[22m[1m[22m
[2m../../out/renderer/[22m[36massets/qss-IeuSbFQv.js                           [39m[1m[2m    7.47 kB[22m[1m[22m
[2m../../out/renderer/[22m[36massets/dart-CF10PKvl.js                          [39m[1m[2m    7.81 kB[22m[1m[22m
[2m../../out/renderer/[22m[36massets/systemd-4A_iFExJ.js                       [39m[1m[2m    7.87 kB[22m[1m[22m
[2m../../out/renderer/[22m[36massets/monokai-D4h5O-jR.js                       [39m[1m[2m    7.88 kB[22m[1m[22m
[2m../../out/renderer/[22m[36massets/regexp-CDVJQ6XC.js                        [39m[1m[2m    7.99 kB[22m[1m[22m
[2m../../out/renderer/[22m[36massets/haml-B8DHNrY2.js                          [39m[1m[2m    8.26 kB[22m[1m[22m
[2m../../out/renderer/[22m[36massets/typst-DHCkPAjA.js                         [39m[1m[2m    8.39 kB[22m[1m[22m
[2m../../out/renderer/[22m[36massets/vue-html-AaS7Mt5G.js                      [39m[1m[2m    8.47 kB[22m[1m[22m
[2m../../out/renderer/[22m[36massets/plsql-ChMvpjG-.js                         [39m[1m[2m    8.51 kB[22m[1m[22m
[2m../../out/renderer/[22m[36massets/TaskDetailPage-DUSB53oO.js                [39m[1m[2m    8.71 kB[22m[1m[22m
[2m../../out/renderer/[22m[36massets/horizon-BUw7H-hv.js                       [39m[1m[2m    8.78 kB[22m[1m[22m
[2m../../out/renderer/[22m[36massets/kotlin-BdnUsdx6.js                        [39m[1m[2m    8.79 kB[22m[1m[22m
[2m../../out/renderer/[22m[36massets/horizon-bright-Cn-bp-IR.js                [39m[1m[2m    8.79 kB[22m[1m[22m
[2m../../out/renderer/[22m[36massets/index-CPBRbs2Q.js                         [39m[1m[2m    8.95 kB[22m[1m[22m
[2m../../out/renderer/[22m[36massets/ts-tags-zn1MmPIZ.js                       [39m[1m[2m    8.95 kB[22m[1m[22m
[2m../../out/renderer/[22m[36massets/make-CHLpvVh8.js                          [39m[1m[2m    8.96 kB[22m[1m[22m
[2m../../out/renderer/[22m[36massets/andromeeda-C4gqWexZ.js                    [39m[1m[2m    9.02 kB[22m[1m[22m
[2m../../out/renderer/[22m[36massets/sas-cz2c8ADy.js                           [39m[1m[2m    9.06 kB[22m[1m[22m
[2m../../out/renderer/[22m[36massets/dark-plus-C3mMm8J8.js                     [39m[1m[2m    9.10 kB[22m[1m[22m
[2m../../out/renderer/[22m[36massets/slack-dark-BthQWCQV.js                    [39m[1m[2m    9.12 kB[22m[1m[22m
[2m../../out/renderer/[22m[36massets/sass-Cj5Yp3dK.js                          [39m[1m[2m    9.29 kB[22m[1m[22m
[2m../../out/renderer/[22m[36massets/plastic-3e1v2bzS.js                       [39m[1m[2m    9.30 kB[22m[1m[22m
[2m../../out/renderer/[22m[36massets/slack-ochin-DqwNpetd.js                   [39m[1m[2m    9.43 kB[22m[1m[22m
[2m../../out/renderer/[22m[36massets/CreateTaskDialog-9Un532g-.js              [39m[1m[2m    9.61 kB[22m[1m[22m
[2m../../out/renderer/[22m[36massets/tex-idrVyKtj.js                           [39m[1m[2m    9.67 kB[22m[1m[22m
[2m../../out/renderer/[22m[36massets/jison-wvAkD_A8.js                         [39m[1m[2m    9.69 kB[22m[1m[22m
[2m../../out/renderer/[22m[36massets/cmake-D1j8_8rp.js                         [39m[1m[2m    9.86 kB[22m[1m[22m
[2m../../out/renderer/[22m[36massets/light-plus-B7mTdjB0.js                    [39m[1m[2m    9.94 kB[22m[1m[22m
[2m../../out/renderer/[22m[36massets/hcl-BWvSN4gD.js                           [39m[1m[2m   10.05 kB[22m[1m[22m
[2m../../out/renderer/[22m[36massets/AionrsChat-DhjVX_QA.js                    [39m[1m[2m   10.08 kB[22m[1m[22m
[2m../../out/renderer/[22m[36massets/OpenClawChat-CQUOcmw7.js                  [39m[1m[2m   10.27 kB[22m[1m[22m
[2m../../out/renderer/[22m[36massets/pkl-u5AG7uiY.js                           [39m[1m[2m   10.37 kB[22m[1m[22m
[2m../../out/renderer/[22m[36massets/beancount-k_qm7-4y.js                     [39m[1m[2m   10.37 kB[22m[1m[22m
[2m../../out/renderer/[22m[36massets/nextflow-groovy-BeH2EWoN.js               [39m[1m[2m   10.41 kB[22m[1m[22m
[2m../../out/renderer/[22m[36massets/dream-maker-BtqSS_iP.js                   [39m[1m[2m   10.47 kB[22m[1m[22m
[2m../../out/renderer/[22m[36massets/raku-DXvB9xmW.js                          [39m[1m[2m   10.47 kB[22m[1m[22m
[2m../../out/renderer/[22m[36massets/yaml-Buea-lGh.js                          [39m[1m[2m   10.51 kB[22m[1m[22m
[2m../../out/renderer/[22m[36massets/stateDiagram-RAJIS63D-Dq1tbJxl.js         [39m[1m[2m   10.63 kB[22m[1m[22m
[2m../../out/renderer/[22m[36massets/rst-BrH8l1NY.js                           [39m[1m[2m   10.67 kB[22m[1m[22m
[2m../../out/renderer/[22m[36massets/UpdateModal-ElKWGDaF.js                   [39m[1m[2m   10.88 kB[22m[1m[22m
[2m../../out/renderer/[22m[36massets/elm-DbKCFpqz.js                           [39m[1m[2m   10.97 kB[22m[1m[22m
[2m../../out/renderer/[22m[36massets/mermaid-VLURNSYL-BAPm77_q.js              [39m[1m[2m   11.10 kB[22m[1m[22m
[2m../../out/renderer/[22m[36massets/just-Cw27pwNe.js                          [39m[1m[2m   11.16 kB[22m[1m[22m
[2m../../out/renderer/[22m[36massets/github-light-DAi9KRSo.js                  [39m[1m[2m   11.18 kB[22m[1m[22m
[2m../../out/renderer/[22m[36massets/dagre-KLK3FWXG-DdNe27ER.js                [39m[1m[2m   11.25 kB[22m[1m[22m
[2m../../out/renderer/[22m[36massets/prolog-CbFg5uaA.js                        [39m[1m[2m   11.36 kB[22m[1m[22m
[2m../../out/renderer/[22m[36massets/terraform-BETggiCN.js                     [39m[1m[2m   11.39 kB[22m[1m[22m
[2m../../out/renderer/[22m[36massets/github-dark-DHJKELXO.js                   [39m[1m[2m   11.41 kB[22m[1m[22m
[2m../../out/renderer/[22m[36massets/puppet-BMWR74SV.js                        [39m[1m[2m   11.44 kB[22m[1m[22m
[2m../../out/renderer/[22m[36massets/laserwave-DUszq2jm.js                     [39m[1m[2m   11.50 kB[22m[1m[22m
[2m../../out/renderer/[22m[36massets/_baseUniq-DBo9gjF2.js                     [39m[1m[2m   11.89 kB[22m[1m[22m
[2m../../out/renderer/[22m[36massets/gherkin-DyxjwDmM.js                       [39m[1m[2m   11.95 kB[22m[1m[22m
[2m../../out/renderer/[22m[36massets/wasm-MzD3tlZU.js                          [39m[1m[2m   12.01 kB[22m[1m[22m
[2m../../out/renderer/[22m[36massets/hjson-D5-asLiD.js                         [39m[1m[2m   12.05 kB[22m[1m[22m
[2m../../out/renderer/[22m[36massets/AssistantSettings-DuXoHWmo.js             [39m[1m[2m   12.13 kB[22m[1m[22m
[2m../../out/renderer/[22m[36massets/handlebars-BL8al0AC.js                    [39m[1m[2m   12.15 kB[22m[1m[22m
[2m../../out/renderer/[22m[36massets/apache-Pmp26Uib.js                        [39m[1m[2m   12.46 kB[22m[1m[22m
[2m../../out/renderer/[22m[36massets/AcpChat-CaqCFTjQ.js                       [39m[1m[2m   12.53 kB[22m[1m[22m
[2m../../out/renderer/[22m[36massets/vesper-DU1UobuO.js                        [39m[1m[2m   12.69 kB[22m[1m[22m
[2m../../out/renderer/[22m[36massets/bat-BkioyH1T.js                           [39m[1m[2m   12.89 kB[22m[1m[22m
[2m../../out/renderer/[22m[36massets/index-B-cMz-MS.js                         [39m[1m[2m   12.90 kB[22m[1m[22m
[2m../../out/renderer/[22m[36massets/index-D290z3iG.js                         [39m[1m[2m   13.03 kB[22m[1m[22m
[2m../../out/renderer/[22m[36massets/fish-BvzEVeQv.js                          [39m[1m[2m   13.04 kB[22m[1m[22m
[2m../../out/renderer/[22m[36massets/v-BcVCzyr7.js                             [39m[1m[2m   13.21 kB[22m[1m[22m
[2m../../out/renderer/[22m[36massets/WebviewHost-BTEs74xJ.js                   [39m[1m[2m   13.28 kB[22m[1m[22m
[2m../../out/renderer/[22m[36massets/vitesse-light-CVO1_9PV.js                 [39m[1m[2m   13.62 kB[22m[1m[22m
[2m../../out/renderer/[22m[36massets/aurora-x-D-2ljcwZ.js                      [39m[1m[2m   13.66 kB[22m[1m[22m
[2m../../out/renderer/[22m[36massets/vitesse-black-Bkuqu6BP.js                 [39m[1m[2m   13.68 kB[22m[1m[22m
[2m../../out/renderer/[22m[36massets/vitesse-dark-D0r3Knsf.js                  [39m[1m[2m   13.76 kB[22m[1m[22m
[2m../../out/renderer/[22m[36massets/pug-CGlum2m_.js                           [39m[1m[2m   13.84 kB[22m[1m[22m
[2m../../out/renderer/[22m[36massets/luau-C-HG3fhB.js                          [39m[1m[2m   13.96 kB[22m[1m[22m
[2m../../out/renderer/[22m[36massets/synthwave-84-CbfX1IO0.js                  [39m[1m[2m   14.04 kB[22m[1m[22m
[2m../../out/renderer/[22m[36massets/github-light-default-D7oLnXFd.js          [39m[1m[2m   14.16 kB[22m[1m[22m
[2m../../out/renderer/[22m[36massets/clarity-D53aC0YG.js                       [39m[1m[2m   14.28 kB[22m[1m[22m
[2m../../out/renderer/[22m[36massets/github-light-high-contrast-BfjtVDDH.js    [39m[1m[2m   14.28 kB[22m[1m[22m
[2m../../out/renderer/[22m[36massets/github-dark-dimmed-DH5Ifo-i.js            [39m[1m[2m   14.43 kB[22m[1m[22m
[2m../../out/renderer/[22m[36massets/github-dark-default-Cuk6v7N8.js           [39m[1m[2m   14.44 kB[22m[1m[22m
[2m../../out/renderer/[22m[36massets/github-dark-high-contrast-E3gJ1_iC.js     [39m[1m[2m   14.60 kB[22m[1m[22m
[2m../../out/renderer/[22m[36massets/gnuplot-DdkO51Og.js                       [39m[1m[2m   14.78 kB[22m[1m[22m
[2m../../out/renderer/[22m[36massets/rust-B1yitclQ.js                          [39m[1m[2m   15.07 kB[22m[1m[22m
[2m../../out/renderer/[22m[36massets/kusto-DZf3V79B.js                         [39m[1m[2m   15.17 kB[22m[1m[22m
[2m../../out/renderer/[22m[36massets/actionscript-3-CoDkCxhg.js                [39m[1m[2m   15.21 kB[22m[1m[22m
[2m../../out/renderer/[22m[36massets/nix-CwoSXNpI.js                           [39m[1m[2m   15.51 kB[22m[1m[22m
[2m../../out/renderer/[22m[36massets/lua-BaeVxFsk.js                           [39m[1m[2m   15.54 kB[22m[1m[22m
[2m../../out/renderer/[22m[36massets/abap-BdImnpbu.js                          [39m[1m[2m   15.85 kB[22m[1m[22m
[2m../../out/renderer/[22m[36massets/solidity-rGO070M0.js                      [39m[1m[2m   16.07 kB[22m[1m[22m
[2m../../out/renderer/[22m[36massets/matlab-D7o27uSR.js                        [39m[1m[2m   16.09 kB[22m[1m[22m
[2m../../out/renderer/[22m[36massets/diagram-E7M64L7V-COxeOauf.js              [39m[1m[2m   16.10 kB[22m[1m[22m
[2m../../out/renderer/[22m[36massets/cue-D82EKSYY.js                           [39m[1m[2m   16.20 kB[22m[1m[22m
[2m../../out/renderer/[22m[36massets/elixir-CDX3lj18.js                        [39m[1m[2m   16.32 kB[22m[1m[22m
[2m../../out/renderer/[22m[36massets/odin-BBf5iR-q.js                          [39m[1m[2m   16.51 kB[22m[1m[22m
[2m../../out/renderer/[22m[36massets/index-BBQaKqDd.js                         [39m[1m[2m   16.72 kB[22m[1m[22m
[2m../../out/renderer/[22m[36massets/buildAgentConversationParams-DaF35eD-.js  [39m[1m[2m   16.87 kB[22m[1m[22m
[2m../../out/renderer/[22m[36massets/bird2-DPOp833l.js                         [39m[1m[2m   16.97 kB[22m[1m[22m
[2m../../out/renderer/[22m[36massets/useSlashCommands-BEHqA0k-.js              [39m[1m[2m   17.07 kB[22m[1m[22m
[2m../../out/renderer/[22m[36massets/kanagawa-wave-DWedfzmr.js                 [39m[1m[2m   17.12 kB[22m[1m[22m
[2m../../out/renderer/[22m[36massets/kanagawa-lotus-CfQXZHmo.js                [39m[1m[2m   17.13 kB[22m[1m[22m
[2m../../out/renderer/[22m[36massets/kanagawa-dragon-CkXjmgJE.js               [39m[1m[2m   17.13 kB[22m[1m[22m
[2m../../out/renderer/[22m[36massets/move-IF9eRakj.js                          [39m[1m[2m   17.51 kB[22m[1m[22m
[2m../../out/renderer/[22m[36massets/ishikawaDiagram-PHBUUO56-CA62XPSQ.js      [39m[1m[2m   17.71 kB[22m[1m[22m
[2m../../out/renderer/[22m[36massets/graphql-ChdNCCLP.js                       [39m[1m[2m   18.00 kB[22m[1m[22m
[2m../../out/renderer/[22m[36massets/liquid-DYVedYrR.js                        [39m[1m[2m   18.09 kB[22m[1m[22m
[2m../../out/renderer/[22m[36massets/svelte-C_ipcX3V.js                        [39m[1m[2m   18.24 kB[22m[1m[22m
[2m../../out/renderer/[22m[36massets/material-theme-D5KoaKCx.js                [39m[1m[2m   18.62 kB[22m[1m[22m
[2m../../out/renderer/[22m[36massets/material-theme-darker-BfHTSMKl.js         [39m[1m[2m   18.63 kB[22m[1m[22m
[2m../../out/renderer/[22m[36massets/material-theme-ocean-CyktbL80.js          [39m[1m[2m   18.63 kB[22m[1m[22m
[2m../../out/renderer/[22m[36massets/material-theme-lighter-B0m2ddpp.js        [39m[1m[2m   18.63 kB[22m[1m[22m
[2m../../out/renderer/[22m[36massets/material-theme-palenight-Csfq5Kiy.js      [39m[1m[2m   18.64 kB[22m[1m[22m
[2m../../out/renderer/[22m[36massets/gdscript-C5YyOfLZ.js                      [39m[1m[2m   18.99 kB[22m[1m[22m
[2m../../out/renderer/[22m[36massets/SystemSettings-C3eAD5X5.js                [39m[1m[2m   19.08 kB[22m[1m[22m
[2m../../out/renderer/[22m[36massets/groovy-gcz8RCvz.js                        [39m[1m[2m   19.18 kB[22m[1m[22m
[2m../../out/renderer/[22m[36massets/mdc-BMNejdWA.js                           [39m[1m[2m   19.63 kB[22m[1m[22m
[2m../../out/renderer/[22m[36massets/glimmer-js-Rg0-pVw9.js                    [39m[1m[2m   20.07 kB[22m[1m[22m
[2m../../out/renderer/[22m[36massets/glimmer-ts-U6CK756n.js                    [39m[1m[2m   20.07 kB[22m[1m[22m
[2m../../out/renderer/[22m[36massets/ayu-dark-DYE7WIF3.js                      [39m[1m[2m   20.08 kB[22m[1m[22m
[2m../../out/renderer/[22m[36massets/ayu-mirage-32ctXXKs.js                    [39m[1m[2m   20.09 kB[22m[1m[22m
[2m../../out/renderer/[22m[36massets/powershell-Dpen1YoG.js                    [39m[1m[2m   20.15 kB[22m[1m[22m
[2m../../out/renderer/[22m[36massets/ayu-light-BA47KaF1.js                     [39m[1m[2m   20.15 kB[22m[1m[22m
[2m../../out/renderer/[22m[36massets/viml-CJc9bBzg.js                          [39m[1m[2m   20.37 kB[22m[1m[22m
[2m../../out/renderer/[22m[36massets/nushell-Cz2AlsmD.js                       [39m[1m[2m   20.41 kB[22m[1m[22m
[2m../../out/renderer/[22m[36massets/kanban-definition-K7BYSVSG-ldecCgGd.js    [39m[1m[2m   20.48 kB[22m[1m[22m
[2m../../out/renderer/[22m[36massets/useMcpServers-CaZECJET.js                 [39m[1m[2m   20.63 kB[22m[1m[22m
[2m../../out/renderer/[22m[36massets/snazzy-light-Bw305WKR.js                  [39m[1m[2m   20.77 kB[22m[1m[22m
[2m../../out/renderer/[22m[36massets/dracula-BzJJZx-M.js                       [39m[1m[2m   21.07 kB[22m[1m[22m
[2m../../out/renderer/[22m[36massets/dracula-soft-BXkSAIEj.js                  [39m[1m[2m   21.08 kB[22m[1m[22m
[2m../../out/renderer/[22m[36massets/mindmap-definition-YRQLILUH-HreWj58v.js   [39m[1m[2m   21.19 kB[22m[1m[22m
[2m../../out/renderer/[22m[36massets/twig-DNn4PbVi.js                          [39m[1m[2m   21.36 kB[22m[1m[22m
[2m../../out/renderer/[22m[36massets/wit-5i3qLPDT.js                           [39m[1m[2m   21.47 kB[22m[1m[22m
[2m../../out/renderer/[22m[36massets/rose-pine-qdsjHGoJ.js                     [39m[1m[2m   21.74 kB[22m[1m[22m
[2m../../out/renderer/[22m[36massets/rose-pine-moon-D4_iv3hh.js                [39m[1m[2m   21.75 kB[22m[1m[22m
[2m../../out/renderer/[22m[36massets/rose-pine-dawn-DHQR4-dF.js                [39m[1m[2m   21.75 kB[22m[1m[22m
[2m../../out/renderer/[22m[36massets/index-BmY5soYB.js                         [39m[1m[2m   21.91 kB[22m[1m[22m
[2m../../out/renderer/[22m[36massets/sankeyDiagram-WA2Y5GQK-DIoPqWw4.js        [39m[1m[2m   22.36 kB[22m[1m[22m
[2m../../out/renderer/[22m[36massets/nim-CVrawwO9.js                           [39m[1m[2m   22.46 kB[22m[1m[22m
[2m../../out/renderer/[22m[36massets/common-lisp-Cg-RD9OK.js                   [39m[1m[2m   22.58 kB[22m[1m[22m
[2m../../out/renderer/[22m[36massets/surrealql-Bq5Q-fJD.js                     [39m[1m[2m   22.58 kB[22m[1m[22m
[2m../../out/renderer/[22m[36massets/gruvbox-dark-hard-CFHQjOhq.js             [39m[1m[2m   22.63 kB[22m[1m[22m
[2m../../out/renderer/[22m[36massets/gruvbox-dark-soft-CVdnzihN.js             [39m[1m[2m   22.63 kB[22m[1m[22m
[2m../../out/renderer/[22m[36massets/gruvbox-light-hard-CH1njM8p.js            [39m[1m[2m   22.64 kB[22m[1m[22m
[2m../../out/renderer/[22m[36massets/gruvbox-light-soft-hJgmCMqR.js            [39m[1m[2m   22.64 kB[22m[1m[22m
[2m../../out/renderer/[22m[36massets/gruvbox-dark-medium-GsRaNv29.js           [39m[1m[2m   22.64 kB[22m[1m[22m
[2m../../out/renderer/[22m[36massets/gruvbox-light-medium-DRw_LuNl.js          [39m[1m[2m   22.64 kB[22m[1m[22m
[2m../../out/renderer/[22m[36massets/sql-BLtJtn59.js                           [39m[1m[2m   23.41 kB[22m[1m[22m
[2m../../out/renderer/[22m[36massets/cadence-Bv_4Rxtq.js                       [39m[1m[2m   23.67 kB[22m[1m[22m
[2m../../out/renderer/[22m[36massets/journeyDiagram-4ABVD52K-D31CVLK0.js       [39m[1m[2m   23.78 kB[22m[1m[22m
[2m../../out/renderer/[22m[36massets/timeline-definition-YZTLITO2-DTCUW__3.js  [39m[1m[2m   23.83 kB[22m[1m[22m
[2m../../out/renderer/[22m[36massets/astro-CbQHKStN.js                         [39m[1m[2m   24.01 kB[22m[1m[22m
[2m../../out/renderer/[22m[36massets/typespec-BGHnOYBU.js                      [39m[1m[2m   24.02 kB[22m[1m[22m
[2m../../out/renderer/[22m[36massets/apl-dKokRX4l.js                           [39m[1m[2m   24.04 kB[22m[1m[22m
[2m../../out/renderer/[22m[36massets/templ-P3uqSqPl.js                         [39m[1m[2m   24.06 kB[22m[1m[22m
[2m../../out/renderer/[22m[36massets/vhdl-CeAyd5Ju.js                          [39m[1m[2m   24.26 kB[22m[1m[22m
[2m../../out/renderer/[22m[36massets/angular-html-CU67Zn6k.js                  [39m[1m[2m   24.29 kB[22m[1m[22m
[2m../../out/renderer/[22m[36massets/gitGraphDiagram-K3NZZRJ6-vlrHaX6M.js      [39m[1m[2m   24.35 kB[22m[1m[22m
[2m../../out/renderer/[22m[36massets/vue-DN_0RTcg.js                           [39m[1m[2m   24.48 kB[22m[1m[22m
[2m../../out/renderer/[22m[36massets/purescript-CklMAg4u.js                    [39m[1m[2m   24.69 kB[22m[1m[22m
[2m../../out/renderer/[22m[36massets/index-X3r_Z20G.js                         [39m[1m[2m   24.75 kB[22m[1m[22m
[2m../../out/renderer/[22m[36massets/one-light-C3Wv6jpd.js                     [39m[1m[2m   25.30 kB[22m[1m[22m
[2m../../out/renderer/[22m[36massets/fsharp-CXgrBDvD.js                        [39m[1m[2m   25.31 kB[22m[1m[22m
[2m../../out/renderer/[22m[36massets/marko-CnJfTvn9.js                         [39m[1m[2m   25.48 kB[22m[1m[22m
[2m../../out/renderer/[22m[36massets/c3-eo99z4R2.js                            [39m[1m[2m   25.63 kB[22m[1m[22m
[2m../../out/renderer/[22m[36massets/night-owl-light-CMTm3GFP.js               [39m[1m[2m   25.90 kB[22m[1m[22m
[2m../../out/renderer/[22m[36massets/erDiagram-INFDFZHY-CgIa-MNw.js            [39m[1m[2m   26.18 kB[22m[1m[22m
[2m../../out/renderer/[22m[36massets/system-verilog-CnnmHF94.js                [39m[1m[2m   26.20 kB[22m[1m[22m
[2m../../out/renderer/[22m[36massets/index-LdWqIO0c.js                         [39m[1m[2m   26.45 kB[22m[1m[22m
[2m../../out/renderer/[22m[36massets/WebuiSettings-CisZth1N.js                 [39m[1m[2m   26.55 kB[22m[1m[22m
[2m../../out/renderer/[22m[36massets/nord-Ddv68eIx.js                          [39m[1m[2m   26.72 kB[22m[1m[22m
[2m../../out/renderer/[22m[36massets/GeminiChat-DvB_TV77.js                    [39m[1m[2m   26.79 kB[22m[1m[22m
[2m../../out/renderer/[22m[36massets/codeql-DsOJ9woJ.js                        [39m[1m[2m   26.88 kB[22m[1m[22m
[2m../../out/renderer/[22m[36massets/scss-OYdSNvt2.js                          [39m[1m[2m   27.20 kB[22m[1m[22m
[2m../../out/renderer/[22m[36massets/java-CylS5w8V.js                          [39m[1m[2m   27.22 kB[22m[1m[22m
[2m../../out/renderer/[22m[36massets/layout-D_qonPM8.js                        [39m[1m[2m   27.38 kB[22m[1m[22m
[2m../../out/renderer/[22m[36massets/coffee-Ch7k5sss.js                        [39m[1m[2m   27.42 kB[22m[1m[22m
[2m../../out/renderer/[22m[36massets/razor-Uh8Bk_45.js                         [39m[1m[2m   27.51 kB[22m[1m[22m
[2m../../out/renderer/[22m[36massets/index-Chd4peqp.js                         [39m[1m[2m   28.35 kB[22m[1m[22m
[2m../../out/renderer/[22m[36massets/scala-C151Ov-r.js                         [39m[1m[2m   28.88 kB[22m[1m[22m
[2m../../out/renderer/[22m[36massets/night-owl-C39BiMTA.js                     [39m[1m[2m   28.91 kB[22m[1m[22m
[2m../../out/renderer/[22m[36massets/crystal-tKQVLTB8.js                       [39m[1m[2m   29.39 kB[22m[1m[22m
[2m../../out/renderer/[22m[36massets/mermaid-mWjccvbQ.js                       [39m[1m[2m   29.51 kB[22m[1m[22m
[2m../../out/renderer/[22m[36massets/applescript-Co6uUVPk.js                   [39m[1m[2m   29.57 kB[22m[1m[22m
[2m../../out/renderer/[22m[36massets/requirementDiagram-Z7DCOOCP-8W6mLY1g.js   [39m[1m[2m   30.53 kB[22m[1m[22m
[2m../../out/renderer/[22m[36massets/julia-CxzCAyBv.js                         [39m[1m[2m   31.07 kB[22m[1m[22m
[2m../../out/renderer/[22m[36massets/stylus-BEDo0Tqx.js                        [39m[1m[2m   31.07 kB[22m[1m[22m
[2m../../out/renderer/[22m[36massets/index-D-f92Rh5.js                         [39m[1m[2m   31.81 kB[22m[1m[22m
[2m../../out/renderer/[22m[36massets/poimandres-CS3Unz2-.js                    [39m[1m[2m   33.49 kB[22m[1m[22m
[2m../../out/renderer/[22m[36massets/one-dark-pro-DVMEJ2y_.js                  [39m[1m[2m   33.79 kB[22m[1m[22m
[2m../../out/renderer/[22m[36massets/bsl-BO_Y6i37.js                           [39m[1m[2m   33.87 kB[22m[1m[22m
[2m../../out/renderer/[22m[36massets/quadrantDiagram-337W2JSQ-9HTLQz-B.js      [39m[1m[2m   34.08 kB[22m[1m[22m
[2m../../out/renderer/[22m[36massets/haxe-CzTSHFRz.js                          [39m[1m[2m   35.16 kB[22m[1m[22m
[2m../../out/renderer/[22m[36massets/nginx-BpAMiNFr.js                         [39m[1m[2m   35.37 kB[22m[1m[22m
[2m../../out/renderer/[22m[36massets/houston-DnULxvSX.js                       [39m[1m[2m   35.42 kB[22m[1m[22m
[2m../../out/renderer/[22m[36massets/tokyo-night-hegEt444.js                   [39m[1m[2m   35.67 kB[22m[1m[22m
[2m../../out/renderer/[22m[36massets/chunk-NQ4KR5QH-hBk7rmq-.js                [39m[1m[2m   36.40 kB[22m[1m[22m
[2m../../out/renderer/[22m[36massets/SkillConfirmModals-B1osQYev.js            [39m[1m[2m   37.14 kB[22m[1m[22m
[2m../../out/renderer/[22m[36massets/erlang-DsQrWhSR.js                        [39m[1m[2m   37.48 kB[22m[1m[22m
[2m../../out/renderer/[22m[36massets/cobol-nwyudZeR.js                         [39m[1m[2m   39.15 kB[22m[1m[22m
[2m../../out/renderer/[22m[36massets/xychartDiagram-JWTSCODW-BukGraVF.js       [39m[1m[2m   40.42 kB[22m[1m[22m
[2m../../out/renderer/[22m[36massets/asm-D_Q5rh1f.js                           [39m[1m[2m   40.72 kB[22m[1m[22m
[2m../../out/renderer/[22m[36massets/shellscript-Yzrsuije.js                   [39m[1m[2m   41.48 kB[22m[1m[22m
[2m../../out/renderer/[22m[36massets/haskell-Df6bDoY_.js                       [39m[1m[2m   41.49 kB[22m[1m[22m
[2m../../out/renderer/[22m[36massets/vennDiagram-LZ73GAT5-Db7vBYcw.js          [39m[1m[2m   41.67 kB[22m[1m[22m
[2m../../out/renderer/[22m[36massets/perl-C0TMdlhV.js                          [39m[1m[2m   43.16 kB[22m[1m[22m
[2m../../out/renderer/[22m[36massets/d-85-TOEBH.js                             [39m[1m[2m   43.80 kB[22m[1m[22m
[2m../../out/renderer/[22m[36massets/vendor-diff-AIAqKCH4.js                   [39m[1m[2m   44.70 kB[22m[1m[22m
[2m../../out/renderer/[22m[36massets/ruby-Dw2BHqvy.js                          [39m[1m[2m   45.95 kB[22m[1m[22m
[2m../../out/renderer/[22m[36massets/chunk-WL4C6EOR-DXSQrKWz.js                [39m[1m[2m   46.28 kB[22m[1m[22m
[2m../../out/renderer/[22m[36massets/go-CxLEBnE3.js                            [39m[1m[2m   46.81 kB[22m[1m[22m
[2m../../out/renderer/[22m[36massets/apex-D8_7TLub.js                          [39m[1m[2m   46.99 kB[22m[1m[22m
[2m../../out/renderer/[22m[36massets/catppuccin-mocha-D87Tk5Gz.js              [39m[1m[2m   47.26 kB[22m[1m[22m
[2m../../out/renderer/[22m[36massets/catppuccin-latte-C9dUb6Cb.js              [39m[1m[2m   47.26 kB[22m[1m[22m
[2m../../out/renderer/[22m[36massets/catppuccin-frappe-DFWUc33u.js             [39m[1m[2m   47.26 kB[22m[1m[22m
[2m../../out/renderer/[22m[36massets/catppuccin-macchiato-DQyhUUbL.js          [39m[1m[2m   47.26 kB[22m[1m[22m
[2m../../out/renderer/[22m[36massets/sortable.esm-DpWwUdFt.js                  [39m[1m[2m   47.88 kB[22m[1m[22m
[2m../../out/renderer/[22m[36massets/ada-bCR0ucgS.js                           [39m[1m[2m   48.08 kB[22m[1m[22m
[2m../../out/renderer/[22m[36massets/css-DPfMkruS.js                           [39m[1m[2m   49.02 kB[22m[1m[22m
[2m../../out/renderer/[22m[36massets/imba-DGztddWO.js                          [39m[1m[2m   49.93 kB[22m[1m[22m
[2m../../out/renderer/[22m[36massets/everforest-dark-BgDCqdQA.js               [39m[1m[2m   53.75 kB[22m[1m[22m
[2m../../out/renderer/[22m[36massets/everforest-light-C8M2exoo.js              [39m[1m[2m   53.75 kB[22m[1m[22m
[2m../../out/renderer/[22m[36massets/wikitext-BhOHFoWU.js                      [39m[1m[2m   55.89 kB[22m[1m[22m
[2m../../out/renderer/[22m[36massets/SkillsHubSettings-DIf_TOmV.js             [39m[1m[2m   56.76 kB[22m[1m[22m
[2m../../out/renderer/[22m[36massets/stata-BH5u7GGu.js                         [39m[1m[2m   56.99 kB[22m[1m[22m
[2m../../out/renderer/[22m[36massets/html-GMplVEZG.js                          [39m[1m[2m   57.25 kB[22m[1m[22m
[2m../../out/renderer/[22m[36massets/ballerina-BFfxhgS-.js                     [39m[1m[2m   58.69 kB[22m[1m[22m
[2m../../out/renderer/[22m[36massets/markdown-Cvjx9yec.js                      [39m[1m[2m   59.34 kB[22m[1m[22m
[2m../../out/renderer/[22m[36massets/ModelModalContent-Rwgyck5c.js             [39m[1m[2m   60.62 kB[22m[1m[22m
[2m../../out/renderer/[22m[36massets/flowDiagram-PKNHOUZH-zN9S8bDl.js          [39m[1m[2m   61.10 kB[22m[1m[22m
[2m../../out/renderer/[22m[36massets/ocaml-C0hk2d4L.js                         [39m[1m[2m   62.45 kB[22m[1m[22m
[2m../../out/renderer/[22m[36massets/ganttDiagram-A5KZAMGK-BFjCZqpT.js         [39m[1m[2m   64.68 kB[22m[1m[22m
[2m../../out/renderer/[22m[36massets/mojo-rZm6bMo-.js                          [39m[1m[2m   69.80 kB[22m[1m[22m
[2m../../out/renderer/[22m[36massets/python-B6aJPvgy.js                        [39m[1m[2m   69.95 kB[22m[1m[22m
[2m../../out/renderer/[22m[36massets/c4Diagram-IC4MRINW-eujfKrv_.js            [39m[1m[2m   70.38 kB[22m[1m[22m
[2m../../out/renderer/[22m[36massets/blockDiagram-WCTKOSBZ-vMnOmchX.js         [39m[1m[2m   70.97 kB[22m[1m[22m
[2m../../out/renderer/[22m[36massets/c-BIGW1oBm.js                             [39m[1m[2m   72.11 kB[22m[1m[22m
[2m../../out/renderer/[22m[36massets/latex-CWtU0Tv5.js                         [39m[1m[2m   72.64 kB[22m[1m[22m
[2m../../out/renderer/[22m[36massets/vyper-CDx5xZoG.js                         [39m[1m[2m   74.65 kB[22m[1m[22m
[2m../../out/renderer/[22m[36massets/index-CachZcCl.js                         [39m[1m[2m   76.35 kB[22m[1m[22m
[2m../../out/renderer/[22m[36massets/ChannelModalContent-CaL8oxWX.js           [39m[1m[2m   78.03 kB[22m[1m[22m
[2m../../out/renderer/[22m[36massets/hack-CaT9iCJl.js                          [39m[1m[2m   80.24 kB[22m[1m[22m
[2m../../out/renderer/[22m[36massets/cose-bilkent-S5V4N54A-Bi5yqCAc.js         [39m[1m[2m   81.95 kB[22m[1m[22m
[2m../../out/renderer/[22m[36massets/swift-D82vCrfD.js                         [39m[1m[2m   86.69 kB[22m[1m[22m
[2m../../out/renderer/[22m[36massets/fortran-free-form-BxgE0vQu.js             [39m[1m[2m   88.97 kB[22m[1m[22m
[2m../../out/renderer/[22m[36massets/csharp-COcwbKMJ.js                        [39m[1m[2m   89.69 kB[22m[1m[22m
[2m../../out/renderer/[22m[36massets/racket-BqYA7rlc.js                        [39m[1m[2m   92.39 kB[22m[1m[22m
[2m../../out/renderer/[22m[36massets/less-B1dDrJ26.js                          [39m[1m[2m   97.63 kB[22m[1m[22m
[2m../../out/renderer/[22m[36massets/blade-D4QpJJKB.js                         [39m[1m[2m  104.98 kB[22m[1m[22m
[2m../../out/renderer/[22m[36massets/objective-c-DXmwc3jG.js                   [39m[1m[2m  105.41 kB[22m[1m[22m
[2m../../out/renderer/[22m[36massets/php-Dhbhpdrm.js                           [39m[1m[2m  111.06 kB[22m[1m[22m
[2m../../out/renderer/[22m[36massets/sequenceDiagram-2WXFIKYE-B2Wv4IDA.js      [39m[1m[2m  111.48 kB[22m[1m[22m
[2m../../out/renderer/[22m[36massets/asciidoc-Ve4PFQV2.js                      [39m[1m[2m  131.53 kB[22m[1m[22m
[2m../../out/renderer/[22m[36massets/mdx-Cmh6b_Ma.js                           [39m[1m[2m  136.11 kB[22m[1m[22m
[2m../../out/renderer/[22m[36massets/architectureDiagram-2XIMDMQ5-C1C-QshR.js  [39m[1m[2m  149.36 kB[22m[1m[22m
[2m../../out/renderer/[22m[36massets/objective-cpp-CLxacb5B.js                 [39m[1m[2m  171.97 kB[22m[1m[22m
[2m../../out/renderer/[22m[36massets/javascript-wDzz0qaB.js                    [39m[1m[2m  174.83 kB[22m[1m[22m
[2m../../out/renderer/[22m[36massets/useAutoTitle-9RYNpZy0.js                  [39m[1m[2m  175.07 kB[22m[1m[22m
[2m../../out/renderer/[22m[36massets/tsx-COt5Ahok.js                           [39m[1m[2m  175.54 kB[22m[1m[22m
[2m../../out/renderer/[22m[36massets/jsx-g9-lgVsj.js                           [39m[1m[2m  177.79 kB[22m[1m[22m
[2m../../out/renderer/[22m[36massets/typescript-BPQ3VLAy.js                    [39m[1m[2m  181.08 kB[22m[1m[22m
[2m../../out/renderer/[22m[36massets/code-block-IT6T5CEO-CUgmPQHl.js           [39m[1m[2m  181.16 kB[22m[1m[22m
[2m../../out/renderer/[22m[36massets/angular-ts-BwZT4LLn.js                    [39m[1m[2m  183.82 kB[22m[1m[22m
[2m../../out/renderer/[22m[36massets/useAionrsModelSelection-DrijkuWW.js       [39m[1m[2m  187.17 kB[22m[1m[22m
[2m../../out/renderer/[22m[36massets/vue-vine-CQOfvN7w.js                      [39m[1m[2m  190.05 kB[22m[1m[22m
[2m../../out/renderer/[22m[36massets/vendor-katex-DrSI9qtO.js                  [39m[1m[2m  258.84 kB[22m[1m[22m
[2m../../out/renderer/[22m[36massets/wolfram-lXgVvXCa.js                       [39m[1m[2m  262.39 kB[22m[1m[22m
[2m../../out/renderer/[22m[36massets/vendor-react-B916pHKg.js                  [39m[1m[2m  300.27 kB[22m[1m[22m
[2m../../out/renderer/[22m[36massets/vendor-markdown-BjLx8PU9.js               [39m[1m[2m  373.92 kB[22m[1m[22m
[2m../../out/renderer/[22m[36massets/index-DQXhCJEQ.js                         [39m[1m[2m  420.40 kB[22m[1m[22m
[2m../../out/renderer/[22m[36massets/cytoscape.esm-C-N-7XAP.js                 [39m[1m[2m  442.42 kB[22m[1m[22m
[2m../../out/renderer/[22m[36massets/treemap-KZPCXAKY-991hS6l7.js              [39m[1m[2m  453.41 kB[22m[1m[22m
[2m../../out/renderer/[22m[36massets/preview-BO_XY1R9.js                       [39m[1m[2m  597.59 kB[22m[1m[22m
[2m../../out/renderer/[22m[36massets/vendor-editor-DS64qO2_.js                 [39m[1m[2m  616.57 kB[22m[1m[22m
[2m../../out/renderer/[22m[36massets/wasm-CG6Dc4jp.js                          [39m[1m[2m  622.34 kB[22m[1m[22m
[2m../../out/renderer/[22m[36massets/cpp-CofmeUqb.js                           [39m[1m[2m  626.08 kB[22m[1m[22m
[2m../../out/renderer/[22m[36massets/vendor-arco-WcpVTfff.js                   [39m[1m[2m  771.90 kB[22m[1m[22m
[2m../../out/renderer/[22m[36massets/emacs-lisp-C9XAeP06.js                    [39m[1m[2m  779.85 kB[22m[1m[22m
[2m../../out/renderer/[22m[36massets/vendor-highlight-Bq9HWmin.js              [39m[1m[2m  916.49 kB[22m[1m[22m
[2m../../out/renderer/[22m[36massets/index-mvimDcGp.js                         [39m[1m[2m1,084.60 kB[22m[1m[22m
[32m✓ built in 55.16s[39m
📦 Bundling builtin MCP servers (self-contained)...
Bundled bun runtime prepared: resources\bundled-bun\win32-x64 (bun.exe) [source=cache]
[hub] Preparing hub resources from tag: dist-latest
[hub] Downloading index.json...
[hub] index.json downloaded from https://raw.githubusercontent.com/iOfficeAI/AionHub/dist-latest/index.json
[hub] Found 4 extensions to bundle
[hub] aionext-auggie -> aionext-auggie.zip (1.3 KB)
[hub] aionext-codebuddy -> aionext-codebuddy.zip (1.3 KB)
[hub] aionext-opencode -> aionext-opencode.zip (1.3 KB)
[hub] aionext-qwen -> aionext-qwen.zip (1.3 KB)
[hub] Done: 4/4 extensions bundled in resources/hub/
Preparing aionrs for win32-x64 (version: latest)
  Using existing bundled binary: resources\bundled-aionrs\win32-x64\aionrs.exe
  Bundled aionrs prepared: resources/bundled-aionrs/win32-x64/aionrs.exe [source=bundled-local]
📦 Compression level: 7 (local build)
🚀 Creating distributables for x64...
  • electron-builder  version=26.8.1 os=10.0.26200
  • loaded configuration  file=D:\1one-command\electron-builder.yml
  • "electron-squirrel-startup" dependency is not required for NSIS
  • skipped dependencies rebuild  reason=npmRebuild is set to false
  • packaging       platform=win32 arch=x64 electron=37.10.3 appOutDir=out\win-unpacked
  • searching for node modules  pm=bun searchDir=D:\1one-command
  • note: bun does not support any CLI for dependency tree extraction, utilizing file traversal collector instead
  • using manual traversal of node_modules to build dependency tree
  • missing optional dependencies  dependencies=["@lydell/node-pty-darwin-x64@1.1.0","@lydell/node-pty-darwin-arm64@1.1.0","@lydell/node-pty-linux-x64@1.1.0","@lydell/node-pty-linux-arm64@1.1.0","@lydell/node-pty-win32-arm64@1.1.0","@lydell/node-pty-darwin-arm64@1.1.0","@lydell/node-pty-darwin-x64@1.1.0","@lydell/node-pty-linux-x64@1.1.0","@lydell/node-pty-win32-arm64@1.1.0","@napi-rs/canvas-linux-x64-gnu@0.1.97","@napi-rs/canvas-darwin-x64@0.1.97","@napi-rs/canvas-win32-arm64-msvc@0.1.97","@napi-rs/canvas-linux-arm-gnueabihf@0.1.97","@napi-rs/canvas-linux-x64-musl@0.1.97","@napi-rs/canvas-linux-arm64-gnu@0.1.97","@napi-rs/canvas-linux-arm64-musl@0.1.97","@napi-rs/canvas-darwin-arm64@0.1.97","@napi-rs/canvas-android-arm64@0.1.97","@napi-rs/canvas-linux-riscv64-gnu@0.1.97","@img/sharp-darwin-arm64@0.34.5","@img/sharp-darwin-x64@0.34.5","@img/sharp-libvips-darwin-arm64@1.2.4","@img/sharp-libvips-darwin-x64@1.2.4","@img/sharp-libvips-linux-arm@1.2.4","@img/sharp-libvips-linux-arm64@1.2.4","@img/sharp-libvips-linux-ppc64@1.2.4","@img/sharp-libvips-linux-riscv64@1.2.4","@img/sharp-libvips-linux-s390x@1.2.4","@img/sharp-libvips-linux-x64@1.2.4","@img/sharp-libvips-linuxmusl-arm64@1.2.4","@img/sharp-libvips-linuxmusl-x64@1.2.4","@img/sharp-linux-arm@0.34.5","@img/sharp-linux-arm64@0.34.5","@img/sharp-linux-ppc64@0.34.5","@img/sharp-linux-riscv64@0.34.5","@img/sharp-linux-s390x@0.34.5","@img/sharp-linux-x64@0.34.5","@img/sharp-linuxmusl-arm64@0.34.5","@img/sharp-linuxmusl-x64@0.34.5","@img/sharp-wasm32@0.34.5","@img/sharp-win32-arm64@0.34.5","@img/sharp-win32-ia32@0.34.5"]
^C
